Archive member included to satisfy reference by file (symbol)

./mbed/TARGET_LPC11U24/TOOLCHAIN_GCC_ARM/libmbed.a(serial_api.o)
                              mbed/TARGET_LPC11U24/TOOLCHAIN_GCC_ARM/retarget.o (serial_init)
./mbed/TARGET_LPC11U24/TOOLCHAIN_GCC_ARM/libmbed.a(FilePath.o)
                              mbed/TARGET_LPC11U24/TOOLCHAIN_GCC_ARM/retarget.o (mbed::FilePath::FilePath(char const*))
./mbed/TARGET_LPC11U24/TOOLCHAIN_GCC_ARM/libmbed.a(I2C.o)
                              I2Cdev.o (mbed::I2C::I2C(PinName, PinName))
./mbed/TARGET_LPC11U24/TOOLCHAIN_GCC_ARM/libmbed.a(FileSystemLike.o)
                              mbed/TARGET_LPC11U24/TOOLCHAIN_GCC_ARM/retarget.o (mbed::FileSystemLike::opendir())
./mbed/TARGET_LPC11U24/TOOLCHAIN_GCC_ARM/libmbed.a(Serial.o)
                              main.o (mbed::Serial::Serial(PinName, PinName, char const*))
./mbed/TARGET_LPC11U24/TOOLCHAIN_GCC_ARM/libmbed.a(SerialBase.o)
                              ./mbed/TARGET_LPC11U24/TOOLCHAIN_GCC_ARM/libmbed.a(Serial.o) (mbed::SerialBase::SerialBase(PinName, PinName))
./mbed/TARGET_LPC11U24/TOOLCHAIN_GCC_ARM/libmbed.a(Stream.o)
                              ./mbed/TARGET_LPC11U24/TOOLCHAIN_GCC_ARM/libmbed.a(Serial.o) (mbed::Stream::close())
./mbed/TARGET_LPC11U24/TOOLCHAIN_GCC_ARM/libmbed.a(assert.o)
                              mbed/TARGET_LPC11U24/TOOLCHAIN_GCC_ARM/board.o (mbed_assert_internal)
./mbed/TARGET_LPC11U24/TOOLCHAIN_GCC_ARM/libmbed.a(error.o)
                              mbed/TARGET_LPC11U24/TOOLCHAIN_GCC_ARM/retarget.o (error)
./mbed/TARGET_LPC11U24/TOOLCHAIN_GCC_ARM/libmbed.a(gpio.o)
                              main.o (gpio_init_out)
./mbed/TARGET_LPC11U24/TOOLCHAIN_GCC_ARM/libmbed.a(pinmap_common.o)
                              ./mbed/TARGET_LPC11U24/TOOLCHAIN_GCC_ARM/libmbed.a(serial_api.o) (pinmap_pinout)
./mbed/TARGET_LPC11U24/TOOLCHAIN_GCC_ARM/libmbed.a(mbed_interface.o)
                              mbed/TARGET_LPC11U24/TOOLCHAIN_GCC_ARM/retarget.o (mbed_interface_connected)
./mbed/TARGET_LPC11U24/TOOLCHAIN_GCC_ARM/libmbed.a(semihost_api.o)
                              mbed/TARGET_LPC11U24/TOOLCHAIN_GCC_ARM/retarget.o (semihost_exit)
./mbed/TARGET_LPC11U24/TOOLCHAIN_GCC_ARM/libmbed.a(wait_api.o)
                              ./mbed/TARGET_LPC11U24/TOOLCHAIN_GCC_ARM/libmbed.a(SerialBase.o) (wait_us)
./mbed/TARGET_LPC11U24/TOOLCHAIN_GCC_ARM/libmbed.a(PeripheralPins.o)
                              ./mbed/TARGET_LPC11U24/TOOLCHAIN_GCC_ARM/libmbed.a(serial_api.o) (PinMap_UART_RX)
./mbed/TARGET_LPC11U24/TOOLCHAIN_GCC_ARM/libmbed.a(gpio_api.o)
                              ./mbed/TARGET_LPC11U24/TOOLCHAIN_GCC_ARM/libmbed.a(gpio.o) (gpio_init)
./mbed/TARGET_LPC11U24/TOOLCHAIN_GCC_ARM/libmbed.a(pinmap.o)
                              ./mbed/TARGET_LPC11U24/TOOLCHAIN_GCC_ARM/libmbed.a(pinmap_common.o) (pin_function)
./mbed/TARGET_LPC11U24/TOOLCHAIN_GCC_ARM/libmbed.a(i2c_api.o)
                              ./mbed/TARGET_LPC11U24/TOOLCHAIN_GCC_ARM/libmbed.a(I2C.o) (i2c_init)
./mbed/TARGET_LPC11U24/TOOLCHAIN_GCC_ARM/libmbed.a(us_ticker.o)
                              ./mbed/TARGET_LPC11U24/TOOLCHAIN_GCC_ARM/libmbed.a(wait_api.o) (us_ticker_read)
./mbed/TARGET_LPC11U24/TOOLCHAIN_GCC_ARM/libmbed.a(FileBase.o)
                              ./mbed/TARGET_LPC11U24/TOOLCHAIN_GCC_ARM/libmbed.a(FileSystemLike.o) (mbed::FileBase::~FileBase())
./mbed/TARGET_LPC11U24/TOOLCHAIN_GCC_ARM/libmbed.a(FileLike.o)
                              ./mbed/TARGET_LPC11U24/TOOLCHAIN_GCC_ARM/libmbed.a(Stream.o) (mbed::FileLike::~FileLike())
./mbed/TARGET_LPC11U24/TOOLCHAIN_GCC_ARM/libmbed.a(us_ticker_api.o)
                              ./mbed/TARGET_LPC11U24/TOOLCHAIN_GCC_ARM/libmbed.a(us_ticker.o) (us_ticker_irq_handler)
./mbed/TARGET_LPC11U24/TOOLCHAIN_GCC_ARM/libmbed.a(ticker_api.o)
                              ./mbed/TARGET_LPC11U24/TOOLCHAIN_GCC_ARM/libmbed.a(us_ticker_api.o) (ticker_irq_handler)
/usr/lib/gcc/arm-none-eabi/4.8/../../../arm-none-eabi/lib/armv6-m/libstdc++_nano.a(atexit_arm.o)
                              main.o (__aeabi_atexit)
/usr/lib/gcc/arm-none-eabi/4.8/../../../arm-none-eabi/lib/armv6-m/libstdc++_nano.a(del_op.o)
                              main.o (operator delete(void*))
/usr/lib/gcc/arm-none-eabi/4.8/../../../arm-none-eabi/lib/armv6-m/libstdc++_nano.a(new_op.o)
                              ./mbed/TARGET_LPC11U24/TOOLCHAIN_GCC_ARM/libmbed.a(FileSystemLike.o) (operator new(unsigned int))
/usr/lib/gcc/arm-none-eabi/4.8/../../../arm-none-eabi/lib/armv6-m/libstdc++_nano.a(new_handler.o)
                              /usr/lib/gcc/arm-none-eabi/4.8/../../../arm-none-eabi/lib/armv6-m/libstdc++_nano.a(new_op.o) (__new_handler)
/usr/lib/gcc/arm-none-eabi/4.8/../../../arm-none-eabi/lib/armv6-m/libc_nano.a(lib_a-abort.o)
                              /usr/lib/gcc/arm-none-eabi/4.8/../../../arm-none-eabi/lib/armv6-m/libstdc++_nano.a(new_op.o) (abort)
[...]
Memory Configuration

Name             Origin             Length             Attributes
FLASH            0x0000000000000000 0x0000000000008000 xr
RAM              0x00000000100000c0 0x0000000000001f40 xrw
USB_RAM          0x0000000020004000 0x0000000000000800 xrw
*default*        0x0000000000000000 0xffffffffffffffff

Linker script and memory map

LOAD /usr/lib/gcc/arm-none-eabi/4.8/armv6-m/crti.o
LOAD /usr/lib/gcc/arm-none-eabi/4.8/armv6-m/crtbegin.o
LOAD /usr/lib/gcc/arm-none-eabi/4.8/../../../arm-none-eabi/lib/armv6-m/crt0.o
LOAD main.o
LOAD I2Cdev.o
LOAD MPU6050.o
LOAD mbed/TARGET_LPC11U24/TOOLCHAIN_GCC_ARM/board.o
LOAD mbed/TARGET_LPC11U24/TOOLCHAIN_GCC_ARM/cmsis_nvic.o
LOAD mbed/TARGET_LPC11U24/TOOLCHAIN_GCC_ARM/retarget.o
LOAD mbed/TARGET_LPC11U24/TOOLCHAIN_GCC_ARM/startup_LPC11xx.o
LOAD mbed/TARGET_LPC11U24/TOOLCHAIN_GCC_ARM/system_LPC11Uxx.o
LOAD ./mbed/TARGET_LPC11U24/TOOLCHAIN_GCC_ARM/libmbed.a
LOAD /usr/lib/gcc/arm-none-eabi/4.8/../../../arm-none-eabi/lib/armv6-m/libstdc++_nano.a
LOAD /usr/lib/gcc/arm-none-eabi/4.8/../../../arm-none-eabi/lib/armv6-m/libsupc++_nano.a
LOAD /usr/lib/gcc/arm-none-eabi/4.8/../../../arm-none-eabi/lib/armv6-m/libm.a
LOAD /usr/lib/gcc/arm-none-eabi/4.8/../../../arm-none-eabi/lib/armv6-m/libc_nano.a
LOAD /usr/lib/gcc/arm-none-eabi/4.8/armv6-m/libgcc.a
LOAD /usr/lib/gcc/arm-none-eabi/4.8/../../../arm-none-eabi/lib/armv6-m/libnosys.a
LOAD ./mbed/TARGET_LPC11U24/TOOLCHAIN_GCC_ARM/libmbed.a
LOAD /usr/lib/gcc/arm-none-eabi/4.8/../../../arm-none-eabi/lib/armv6-m/libstdc++_nano.a
LOAD /usr/lib/gcc/arm-none-eabi/4.8/../../../arm-none-eabi/lib/armv6-m/libsupc++_nano.a
LOAD /usr/lib/gcc/arm-none-eabi/4.8/../../../arm-none-eabi/lib/armv6-m/libm.a
LOAD /usr/lib/gcc/arm-none-eabi/4.8/../../../arm-none-eabi/lib/armv6-m/libc_nano.a
LOAD /usr/lib/gcc/arm-none-eabi/4.8/armv6-m/libgcc.a
LOAD /usr/lib/gcc/arm-none-eabi/4.8/../../../arm-none-eabi/lib/armv6-m/libnosys.a
START GROUP
LOAD /usr/lib/gcc/arm-none-eabi/4.8/armv6-m/libgcc.a
LOAD /usr/lib/gcc/arm-none-eabi/4.8/../../../arm-none-eabi/lib/armv6-m/libc_nano.a
END GROUP
START GROUP
LOAD /usr/lib/gcc/arm-none-eabi/4.8/armv6-m/libgcc.a
LOAD /usr/lib/gcc/arm-none-eabi/4.8/../../../arm-none-eabi/lib/armv6-m/libc_nano.a
END GROUP
LOAD /usr/lib/gcc/arm-none-eabi/4.8/armv6-m/crtend.o
LOAD /usr/lib/gcc/arm-none-eabi/4.8/armv6-m/crtn.o

.text           0x0000000000000000     0x4774
 *(.isr_vector)
 .isr_vector    0x0000000000000000       0xc0 mbed/TARGET_LPC11U24/TOOLCHAIN_GCC_ARM/startup_LPC11xx.o
                0x0000000000000000                __isr_vector
 *(.text.Reset_Handler)
 .text.Reset_Handler
                0x00000000000000c0       0x34 mbed/TARGET_LPC11U24/TOOLCHAIN_GCC_ARM/startup_LPC11xx.o
                0x00000000000000c0                Reset_Handler
 *(.text.SystemInit)
 .text.SystemInit
                0x00000000000000f4       0xe0 mbed/TARGET_LPC11U24/TOOLCHAIN_GCC_ARM/system_LPC11Uxx.o
                0x00000000000000f4                SystemInit
                0x0000000000000200                . = 0x200
 *fill*         0x00000000000001d4       0x2c 
 *(.text*)
 .text          0x0000000000000200       0xbc /usr/lib/gcc/arm-none-eabi/4.8/armv6-m/crtbegin.o
 .text          0x00000000000002bc       0x6c /usr/lib/gcc/arm-none-eabi/4.8/../../../arm-none-eabi/lib/armv6-m/crt0.o
                0x00000000000002bc                _mainCRTStartup
                0x00000000000002bc                _start
 .text._ZN4mbed10SerialBaseD2Ev
                0x0000000000000328        0xc main.o
                0x0000000000000328                mbed::SerialBase::~SerialBase()
                0x0000000000000328                mbed::SerialBase::~SerialBase()
 .text._ZN4mbed10SerialBaseD0Ev
                0x0000000000000334       0x14 main.o
                0x0000000000000334                mbed::SerialBase::~SerialBase()
 .text._ZN4mbed6SerialD2Ev
                0x0000000000000348       0x28 main.o
                0x0000000000000348                mbed::Serial::~Serial()
                0x0000000000000348                mbed::Serial::~Serial()
 .text._ZN4mbed6SerialD1Ev
                0x0000000000000370       0x20 main.o
                0x0000000000000370                non-virtual thunk to mbed::Serial::~Serial()
                0x0000000000000380                non-virtual thunk to mbed::Serial::~Serial()
 .text._ZN4mbed6SerialD0Ev
                0x0000000000000390       0x34 main.o
                0x0000000000000390                mbed::Serial::~Serial()
                0x00000000000003a2                non-virtual thunk to mbed::Serial::~Serial()
                0x00000000000003b4                non-virtual thunk to mbed::Serial::~Serial()
 .text.startup.main
                0x00000000000003c4       0x40 main.o
                0x00000000000003c4                main
 .text.startup._GLOBAL__sub_I_accelgyro
                0x0000000000000404       0x4c main.o
 .text._ZN6I2Cdev4initEv
                0x0000000000000450       0x1c I2Cdev.o
                0x0000000000000450                I2Cdev::init()
 .text._ZN6I2Cdev9readBytesEhhhPh
                0x000000000000046c       0x58 I2Cdev.o
                0x000000000000046c                I2Cdev::readBytes(unsigned char, unsigned char, unsigned char, unsigned char*)
 .text._ZN6I2Cdev8readByteEhhPh
                0x00000000000004c4        0xc I2Cdev.o
                0x00000000000004c4                I2Cdev::readByte(unsigned char, unsigned char, unsigned char*)
 .text._ZN6I2Cdev8readBitsEhhhhPh
                0x00000000000004d0       0x34 I2Cdev.o
                0x00000000000004d0                I2Cdev::readBits(unsigned char, unsigned char, unsigned char, unsigned char, unsigned char*)
 .text._ZN6I2Cdev10writeBytesEhhhPh
                0x0000000000000504       0x5c I2Cdev.o
                0x0000000000000504                I2Cdev::writeBytes(unsigned char, unsigned char, unsigned char, unsigned char*)
 .text._ZN6I2Cdev9writeByteEhhh
                0x0000000000000560       0x10 I2Cdev.o
                0x0000000000000560                I2Cdev::writeByte(unsigned char, unsigned char, unsigned char)
 .text._ZN6I2Cdev8writeBitEhhhh
                0x0000000000000570       0x38 I2Cdev.o
                0x0000000000000570                I2Cdev::writeBit(unsigned char, unsigned char, unsigned char, unsigned char)
 .text._ZN6I2Cdev9writeBitsEhhhhh
                0x00000000000005a8       0x4c I2Cdev.o
                0x00000000000005a8                I2Cdev::writeBits(unsigned char, unsigned char, unsigned char, unsigned char, unsigned char)
 .text._ZN7MPU6050C2Ev
                0x00000000000005f4       0x10 MPU6050.o
                0x00000000000005f4                MPU6050::MPU6050()
                0x00000000000005f4                MPU6050::MPU6050()
 .text._ZN7MPU605021setFullScaleGyroRangeEh
                0x0000000000000604       0x12 MPU6050.o
                0x0000000000000604                MPU6050::setFullScaleGyroRange(unsigned char)
 .text._ZN7MPU605022setFullScaleAccelRangeEh
                0x0000000000000616       0x12 MPU6050.o
                0x0000000000000616                MPU6050::setFullScaleAccelRange(unsigned char)
 .text._ZN7MPU605015setSleepEnabledEb
                0x0000000000000628       0x10 MPU6050.o
                0x0000000000000628                MPU6050::setSleepEnabled(bool)
 .text._ZN7MPU605014setClockSourceEh
                0x0000000000000638       0x12 MPU6050.o
                0x0000000000000638                MPU6050::setClockSource(unsigned char)
 .text._ZN7MPU605010initializeEv
                0x000000000000064a       0x24 MPU6050.o
                0x000000000000064a                MPU6050::initialize()
 .text._ZN7MPU605011getDeviceIDEv
                0x000000000000066e       0x18 MPU6050.o
                0x000000000000066e                MPU6050::getDeviceID()
 .text._ZN7MPU605014testConnectionEv
                0x0000000000000686       0x10 MPU6050.o
                0x0000000000000686                MPU6050::testConnection()
 *fill*         0x0000000000000696        0x2 
 .text.mbed_die
                0x0000000000000698      0x144 mbed/TARGET_LPC11U24/TOOLCHAIN_GCC_ARM/board.o
                0x0000000000000698                mbed_die
 .text.NVIC_SetVector
                0x00000000000007dc       0x40 mbed/TARGET_LPC11U24/TOOLCHAIN_GCC_ARM/cmsis_nvic.o
                0x00000000000007dc                NVIC_SetVector
 .text._ZN4mbed10FileHandle4flenEv
                0x000000000000081c       0x34 mbed/TARGET_LPC11U24/TOOLCHAIN_GCC_ARM/retarget.o
                0x000000000000081c                mbed::FileHandle::flen()
 .text._ZN4mbed10FileHandleD2Ev
                0x0000000000000850       0x30 mbed/TARGET_LPC11U24/TOOLCHAIN_GCC_ARM/retarget.o
                0x0000000000000850                mbed::FileHandle::~FileHandle()
                0x0000000000000850                mbed::FileHandle::~FileHandle()
 .text._ZN4mbed10FileHandleD0Ev
                0x0000000000000880       0x3c mbed/TARGET_LPC11U24/TOOLCHAIN_GCC_ARM/retarget.o
                0x0000000000000880                mbed::FileHandle::~FileHandle()
 .text._ZL11init_serialv.part.0
                0x00000000000008bc       0x14 mbed/TARGET_LPC11U24/TOOLCHAIN_GCC_ARM/retarget.o
 .text._open    0x00000000000008d0       0xf4 mbed/TARGET_LPC11U24/TOOLCHAIN_GCC_ARM/retarget.o
                0x00000000000008d0                _open
 .text._close   0x00000000000009c4       0x2c mbed/TARGET_LPC11U24/TOOLCHAIN_GCC_ARM/retarget.o
                0x00000000000009c4                _close
 .text._write   0x00000000000009f0       0x58 mbed/TARGET_LPC11U24/TOOLCHAIN_GCC_ARM/retarget.o
                0x00000000000009f0                _write
 .text._read    0x0000000000000a48       0x48 mbed/TARGET_LPC11U24/TOOLCHAIN_GCC_ARM/retarget.o
                0x0000000000000a48                _read
 .text._isatty  0x0000000000000a90       0x28 mbed/TARGET_LPC11U24/TOOLCHAIN_GCC_ARM/retarget.o
                0x0000000000000a90                _isatty
 .text._lseek   0x0000000000000ab8       0x28 mbed/TARGET_LPC11U24/TOOLCHAIN_GCC_ARM/retarget.o
                0x0000000000000ab8                _lseek
 .text._fstat   0x0000000000000ae0       0x20 mbed/TARGET_LPC11U24/TOOLCHAIN_GCC_ARM/retarget.o
                0x0000000000000ae0                _fstat
 .text.__cxa_pure_virtual
                0x0000000000000b00        0x8 mbed/TARGET_LPC11U24/TOOLCHAIN_GCC_ARM/retarget.o
                0x0000000000000b00                __cxa_pure_virtual
 .text.mbed_main
                0x0000000000000b08        0x4 mbed/TARGET_LPC11U24/TOOLCHAIN_GCC_ARM/retarget.o
                0x0000000000000b08                mbed_main
 .text.mbed_sdk_init
                0x0000000000000b0c        0x4 mbed/TARGET_LPC11U24/TOOLCHAIN_GCC_ARM/retarget.o
                0x0000000000000b0c                mbed_sdk_init
 .text.__wrap_main
                0x0000000000000b10       0x10 mbed/TARGET_LPC11U24/TOOLCHAIN_GCC_ARM/retarget.o
                0x0000000000000b10                __wrap_main
 .text._sbrk    0x0000000000000b20       0x28 mbed/TARGET_LPC11U24/TOOLCHAIN_GCC_ARM/retarget.o
                0x0000000000000b20                _sbrk
 .text._exit    0x0000000000000b48       0x34 mbed/TARGET_LPC11U24/TOOLCHAIN_GCC_ARM/retarget.o
                0x0000000000000b48                _exit
 .text._ZN4mbed26mbed_set_unbuffered_streamEP7__sFILE
                0x0000000000000b7c        0xc mbed/TARGET_LPC11U24/TOOLCHAIN_GCC_ARM/retarget.o
                0x0000000000000b7c                mbed::mbed_set_unbuffered_stream(__sFILE*)
 .text          0x0000000000000b88        0xc mbed/TARGET_LPC11U24/TOOLCHAIN_GCC_ARM/startup_LPC11xx.o
                0x0000000000000b88                NMI_Handler
                0x0000000000000b8a                HardFault_Handler
                0x0000000000000b8c                SVC_Handler
                0x0000000000000b8e                PendSV_Handler
                0x0000000000000b90                SysTick_Handler
                0x0000000000000b92                TIMER16_0_IRQHandler
                0x0000000000000b92                UART_IRQHandler
                0x0000000000000b92                TIMER32_0_IRQHandler
                0x0000000000000b92                TIMER32_1_IRQHandler
                0x0000000000000b92                PIOINT1_IRQHandler
                0x0000000000000b92                SSP0_IRQHandler
                0x0000000000000b92                TIMER16_1_IRQHandler
                0x0000000000000b92                Default_Handler
                0x0000000000000b92                USB_FIQHandler
                0x0000000000000b92                ADC_IRQHandler
                0x0000000000000b92                SSP1_IRQHandler
                0x0000000000000b92                PIOINT2_IRQHandler
                0x0000000000000b92                USB_IRQHandler
                0x0000000000000b92                BOD_IRQHandler
                0x0000000000000b92                WAKEUP_IRQHandler
                0x0000000000000b92                PIOINT0_IRQHandler
                0x0000000000000b92                I2C_IRQHandler
                0x0000000000000b92                WDT_IRQHandler
                0x0000000000000b92                DEF_IRQHandler
                0x0000000000000b92                PIOINT3_IRQHandler
 .text.serial_baud
                0x0000000000000b94      0x178 ./mbed/TARGET_LPC11U24/TOOLCHAIN_GCC_ARM/libmbed.a(serial_api.o)
                0x0000000000000b94                serial_baud
 .text.serial_format
                0x0000000000000d0c       0x74 ./mbed/TARGET_LPC11U24/TOOLCHAIN_GCC_ARM/libmbed.a(serial_api.o)
                0x0000000000000d0c                serial_format
 .text.serial_init
                0x0000000000000d80       0xdc ./mbed/TARGET_LPC11U24/TOOLCHAIN_GCC_ARM/libmbed.a(serial_api.o)
                0x0000000000000d80                serial_init
 .text.serial_irq_handler
                0x0000000000000e5c       0x18 ./mbed/TARGET_LPC11U24/TOOLCHAIN_GCC_ARM/libmbed.a(serial_api.o)
                0x0000000000000e5c                serial_irq_handler
 .text.serial_getc
                0x0000000000000e74       0x10 ./mbed/TARGET_LPC11U24/TOOLCHAIN_GCC_ARM/libmbed.a(serial_api.o)
                0x0000000000000e74                serial_getc
 .text.serial_putc
                0x0000000000000e84       0x10 ./mbed/TARGET_LPC11U24/TOOLCHAIN_GCC_ARM/libmbed.a(serial_api.o)
                0x0000000000000e84                serial_putc
 .text._ZN4mbed8FilePathC2EPKc
                0x0000000000000e94       0x58 ./mbed/TARGET_LPC11U24/TOOLCHAIN_GCC_ARM/libmbed.a(FilePath.o)
                0x0000000000000e94                mbed::FilePath::FilePath(char const*)
                0x0000000000000e94                mbed::FilePath::FilePath(char const*)
 .text._ZN4mbed8FilePath8fileNameEv
                0x0000000000000eec        0x4 ./mbed/TARGET_LPC11U24/TOOLCHAIN_GCC_ARM/libmbed.a(FilePath.o)
                0x0000000000000eec                mbed::FilePath::fileName()
 .text._ZN4mbed8FilePath10fileSystemEv
                0x0000000000000ef0       0x1c ./mbed/TARGET_LPC11U24/TOOLCHAIN_GCC_ARM/libmbed.a(FilePath.o)
                0x0000000000000ef0                mbed::FilePath::fileSystem()
 .text._ZN4mbed8FilePath6isFileEv
                0x0000000000000f0c       0x18 ./mbed/TARGET_LPC11U24/TOOLCHAIN_GCC_ARM/libmbed.a(FilePath.o)
                0x0000000000000f0c                mbed::FilePath::isFile()
 .text._ZN4mbed8FilePath4fileEv
                0x0000000000000f24       0x20 ./mbed/TARGET_LPC11U24/TOOLCHAIN_GCC_ARM/libmbed.a(FilePath.o)
                0x0000000000000f24                mbed::FilePath::file()
 .text._ZN4mbed8FilePath6existsEv
                0x0000000000000f44        0xc ./mbed/TARGET_LPC11U24/TOOLCHAIN_GCC_ARM/libmbed.a(FilePath.o)
                0x0000000000000f44                mbed::FilePath::exists()
 .text._ZN4mbed3I2CC2E7PinNameS1_
                0x0000000000000f50       0x20 ./mbed/TARGET_LPC11U24/TOOLCHAIN_GCC_ARM/libmbed.a(I2C.o)
                0x0000000000000f50                mbed::I2C::I2C(PinName, PinName)
                0x0000000000000f50                mbed::I2C::I2C(PinName, PinName)
 .text._ZN4mbed3I2C6aquireEv
                0x0000000000000f70       0x1c ./mbed/TARGET_LPC11U24/TOOLCHAIN_GCC_ARM/libmbed.a(I2C.o)
                0x0000000000000f70                mbed::I2C::aquire()
 .text._ZN4mbed3I2C5writeEiPKcib
                0x0000000000000f8c       0x3c ./mbed/TARGET_LPC11U24/TOOLCHAIN_GCC_ARM/libmbed.a(I2C.o)
                0x0000000000000f8c                mbed::I2C::write(int, char const*, int, bool)
 .text._ZN4mbed3I2C4readEiPcib
                0x0000000000000fc8       0x3c ./mbed/TARGET_LPC11U24/TOOLCHAIN_GCC_ARM/libmbed.a(I2C.o)
                0x0000000000000fc8                mbed::I2C::read(int, char*, int, bool)
 .text._ZN4mbed3I2C5startEv
                0x0000000000001004        0x8 ./mbed/TARGET_LPC11U24/TOOLCHAIN_GCC_ARM/libmbed.a(I2C.o)
                0x0000000000001004                mbed::I2C::start()
 .text._ZN4mbed3I2C4stopEv
                0x000000000000100c        0x8 ./mbed/TARGET_LPC11U24/TOOLCHAIN_GCC_ARM/libmbed.a(I2C.o)
                0x000000000000100c                mbed::I2C::stop()
 .text._ZN4mbed6Serial5_getcEv
                0x0000000000001014        0x8 ./mbed/TARGET_LPC11U24/TOOLCHAIN_GCC_ARM/libmbed.a(Serial.o)
                0x0000000000001014                mbed::Serial::_getc()
 .text._ZThn64_N4mbed6Serial5_getcEv
                0x000000000000101c       0x10 ./mbed/TARGET_LPC11U24/TOOLCHAIN_GCC_ARM/libmbed.a(Serial.o)
                0x000000000000101c                non-virtual thunk to mbed::Serial::_getc()
 .text._ZN4mbed6Serial5_putcEi
                0x000000000000102c        0x8 ./mbed/TARGET_LPC11U24/TOOLCHAIN_GCC_ARM/libmbed.a(Serial.o)
                0x000000000000102c                mbed::Serial::_putc(int)
 .text._ZThn64_N4mbed6Serial5_putcEi
                0x0000000000001034       0x10 ./mbed/TARGET_LPC11U24/TOOLCHAIN_GCC_ARM/libmbed.a(Serial.o)
                0x0000000000001034                non-virtual thunk to mbed::Serial::_putc(int)
 .text._ZN4mbed6SerialC2E7PinNameS1_PKc
                0x0000000000001044       0x30 ./mbed/TARGET_LPC11U24/TOOLCHAIN_GCC_ARM/libmbed.a(Serial.o)
                0x0000000000001044                mbed::Serial::Serial(PinName, PinName, char const*)
                0x0000000000001044                mbed::Serial::Serial(PinName, PinName, char const*)
 .text._ZN4mbed10SerialBase12_irq_handlerEm9SerialIrq
                0x0000000000001074       0x2c ./mbed/TARGET_LPC11U24/TOOLCHAIN_GCC_ARM/libmbed.a(SerialBase.o)
                0x0000000000001074                mbed::SerialBase::_irq_handler(unsigned long, SerialIrq)
 .text._ZN4mbed10SerialBaseC2E7PinNameS1_
                0x00000000000010a0       0x3c ./mbed/TARGET_LPC11U24/TOOLCHAIN_GCC_ARM/libmbed.a(SerialBase.o)
                0x00000000000010a0                mbed::SerialBase::SerialBase(PinName, PinName)
                0x00000000000010a0                mbed::SerialBase::SerialBase(PinName, PinName)
 .text._ZN4mbed10SerialBase10_base_getcEv
                0x00000000000010dc        0xc ./mbed/TARGET_LPC11U24/TOOLCHAIN_GCC_ARM/libmbed.a(SerialBase.o)
                0x00000000000010dc                mbed::SerialBase::_base_getc()
 .text._ZN4mbed10SerialBase10_base_putcEi
                0x00000000000010e8       0x10 ./mbed/TARGET_LPC11U24/TOOLCHAIN_GCC_ARM/libmbed.a(SerialBase.o)
                0x00000000000010e8                mbed::SerialBase::_base_putc(int)
 .text._ZN4mbed6Stream5closeEv
                0x00000000000010f8        0x4 ./mbed/TARGET_LPC11U24/TOOLCHAIN_GCC_ARM/libmbed.a(Stream.o)
                0x00000000000010f8                mbed::Stream::close()
 .text._ZN4mbed6Stream5writeEPKvj
                0x00000000000010fc       0x34 ./mbed/TARGET_LPC11U24/TOOLCHAIN_GCC_ARM/libmbed.a(Stream.o)
                0x00000000000010fc                mbed::Stream::write(void const*, unsigned int)
 .text._ZN4mbed6Stream4readEPvj
                0x0000000000001130       0x34 ./mbed/TARGET_LPC11U24/TOOLCHAIN_GCC_ARM/libmbed.a(Stream.o)
                0x0000000000001130                mbed::Stream::read(void*, unsigned int)
 .text._ZN4mbed6Stream5lseekEli
                0x0000000000001164        0x4 ./mbed/TARGET_LPC11U24/TOOLCHAIN_GCC_ARM/libmbed.a(Stream.o)
                0x0000000000001164                mbed::Stream::lseek(long, int)
 .text._ZN4mbed6Stream6isattyEv
                0x0000000000001168        0x4 ./mbed/TARGET_LPC11U24/TOOLCHAIN_GCC_ARM/libmbed.a(Stream.o)
                0x0000000000001168                mbed::Stream::isatty()
 .text._ZN4mbed6Stream5fsyncEv
                0x000000000000116c        0x4 ./mbed/TARGET_LPC11U24/TOOLCHAIN_GCC_ARM/libmbed.a(Stream.o)
                0x000000000000116c                mbed::Stream::fsync()
 .text._ZN4mbed6Stream4flenEv
                0x0000000000001170        0x4 ./mbed/TARGET_LPC11U24/TOOLCHAIN_GCC_ARM/libmbed.a(Stream.o)
                0x0000000000001170                mbed::Stream::flen()
 .text._ZN4mbed6StreamD2Ev
                0x0000000000001174       0x24 ./mbed/TARGET_LPC11U24/TOOLCHAIN_GCC_ARM/libmbed.a(Stream.o)
                0x0000000000001174                mbed::Stream::~Stream()
                0x0000000000001174                mbed::Stream::~Stream()
 .text._ZThn4_N4mbed6StreamD1Ev
                0x0000000000001198       0x10 ./mbed/TARGET_LPC11U24/TOOLCHAIN_GCC_ARM/libmbed.a(Stream.o)
                0x0000000000001198                non-virtual thunk to mbed::Stream::~Stream()
 .text._ZN4mbed6StreamD0Ev
                0x00000000000011a8       0x14 ./mbed/TARGET_LPC11U24/TOOLCHAIN_GCC_ARM/libmbed.a(Stream.o)
                0x00000000000011a8                mbed::Stream::~Stream()
 .text._ZThn4_N4mbed6StreamD0Ev
                0x00000000000011bc       0x10 ./mbed/TARGET_LPC11U24/TOOLCHAIN_GCC_ARM/libmbed.a(Stream.o)
                0x00000000000011bc                non-virtual thunk to mbed::Stream::~Stream()
 .text._ZN4mbed6StreamC2EPKc
                0x00000000000011cc       0x44 ./mbed/TARGET_LPC11U24/TOOLCHAIN_GCC_ARM/libmbed.a(Stream.o)
                0x00000000000011cc                mbed::Stream::Stream(char const*)
                0x00000000000011cc                mbed::Stream::Stream(char const*)
 .text.mbed_assert_internal
                0x0000000000001210       0x18 ./mbed/TARGET_LPC11U24/TOOLCHAIN_GCC_ARM/libmbed.a(assert.o)
                0x0000000000001210                mbed_assert_internal
 .text.error    0x0000000000001228       0x24 ./mbed/TARGET_LPC11U24/TOOLCHAIN_GCC_ARM/libmbed.a(error.o)
                0x0000000000001228                error
 .text.gpio_init_out
                0x000000000000124c       0x44 ./mbed/TARGET_LPC11U24/TOOLCHAIN_GCC_ARM/libmbed.a(gpio.o)
                0x000000000000124c                gpio_init_out
 .text.pinmap_pinout
                0x0000000000001290       0x38 ./mbed/TARGET_LPC11U24/TOOLCHAIN_GCC_ARM/libmbed.a(pinmap_common.o)
                0x0000000000001290                pinmap_pinout
 .text.pinmap_merge
                0x00000000000012c8       0x24 ./mbed/TARGET_LPC11U24/TOOLCHAIN_GCC_ARM/libmbed.a(pinmap_common.o)
                0x00000000000012c8                pinmap_merge
 .text.pinmap_peripheral
                0x00000000000012ec       0x30 ./mbed/TARGET_LPC11U24/TOOLCHAIN_GCC_ARM/libmbed.a(pinmap_common.o)
                0x00000000000012ec                pinmap_peripheral
 .text.mbed_interface_connected
                0x000000000000131c        0x8 ./mbed/TARGET_LPC11U24/TOOLCHAIN_GCC_ARM/libmbed.a(mbed_interface.o)
                0x000000000000131c                mbed_interface_connected
 .text.semihost_exit
                0x0000000000001324       0x18 ./mbed/TARGET_LPC11U24/TOOLCHAIN_GCC_ARM/libmbed.a(semihost_api.o)
                0x0000000000001324                semihost_exit
 .text.semihost_connected
                0x000000000000133c        0xc ./mbed/TARGET_LPC11U24/TOOLCHAIN_GCC_ARM/libmbed.a(semihost_api.o)
                0x000000000000133c                semihost_connected
 .text.wait_us  0x0000000000001348       0x18 ./mbed/TARGET_LPC11U24/TOOLCHAIN_GCC_ARM/libmbed.a(wait_api.o)
                0x0000000000001348                wait_us
 .text.wait_ms  0x0000000000001360       0x10 ./mbed/TARGET_LPC11U24/TOOLCHAIN_GCC_ARM/libmbed.a(wait_api.o)
                0x0000000000001360                wait_ms
 .text.gpio_set
                0x0000000000001370       0x58 ./mbed/TARGET_LPC11U24/TOOLCHAIN_GCC_ARM/libmbed.a(gpio_api.o)
                0x0000000000001370                gpio_set
 .text.gpio_init
                0x00000000000013c8       0x44 ./mbed/TARGET_LPC11U24/TOOLCHAIN_GCC_ARM/libmbed.a(gpio_api.o)
                0x00000000000013c8                gpio_init
 .text.gpio_mode
                0x000000000000140c        0xc ./mbed/TARGET_LPC11U24/TOOLCHAIN_GCC_ARM/libmbed.a(gpio_api.o)
                0x000000000000140c                gpio_mode
 .text.gpio_dir
                0x0000000000001418       0x44 ./mbed/TARGET_LPC11U24/TOOLCHAIN_GCC_ARM/libmbed.a(gpio_api.o)
                0x0000000000001418                gpio_dir
 .text.pin_function
                0x000000000000145c       0x44 ./mbed/TARGET_LPC11U24/TOOLCHAIN_GCC_ARM/libmbed.a(pinmap.o)
                0x000000000000145c                pin_function
 .text.pin_mode
                0x00000000000014a0       0x60 ./mbed/TARGET_LPC11U24/TOOLCHAIN_GCC_ARM/libmbed.a(pinmap.o)
                0x00000000000014a0                pin_mode
 .text.i2c_init
                0x0000000000001500       0xa4 ./mbed/TARGET_LPC11U24/TOOLCHAIN_GCC_ARM/libmbed.a(i2c_api.o)
                0x0000000000001500                i2c_init
 .text.i2c_start
                0x00000000000015a4       0x28 ./mbed/TARGET_LPC11U24/TOOLCHAIN_GCC_ARM/libmbed.a(i2c_api.o)
                0x00000000000015a4                i2c_start
 .text.i2c_stop
                0x00000000000015cc       0x28 ./mbed/TARGET_LPC11U24/TOOLCHAIN_GCC_ARM/libmbed.a(i2c_api.o)
                0x00000000000015cc                i2c_stop
 .text.i2c_frequency
                0x00000000000015f4       0x1c ./mbed/TARGET_LPC11U24/TOOLCHAIN_GCC_ARM/libmbed.a(i2c_api.o)
                0x00000000000015f4                i2c_frequency
 .text.i2c_read
                0x0000000000001610      0x17c ./mbed/TARGET_LPC11U24/TOOLCHAIN_GCC_ARM/libmbed.a(i2c_api.o)
                0x0000000000001610                i2c_read
 .text.i2c_write
                0x000000000000178c       0xfc ./mbed/TARGET_LPC11U24/TOOLCHAIN_GCC_ARM/libmbed.a(i2c_api.o)
                0x000000000000178c                i2c_write
 .text.us_ticker_init
                0x0000000000001888       0x60 ./mbed/TARGET_LPC11U24/TOOLCHAIN_GCC_ARM/libmbed.a(us_ticker.o)
                0x0000000000001888                us_ticker_init
 .text.us_ticker_read
                0x00000000000018e8       0x1c ./mbed/TARGET_LPC11U24/TOOLCHAIN_GCC_ARM/libmbed.a(us_ticker.o)
                0x00000000000018e8                us_ticker_read
 .text.us_ticker_set_interrupt
                0x0000000000001904       0x14 ./mbed/TARGET_LPC11U24/TOOLCHAIN_GCC_ARM/libmbed.a(us_ticker.o)
                0x0000000000001904                us_ticker_set_interrupt
 .text.us_ticker_disable_interrupt
                0x0000000000001918       0x10 ./mbed/TARGET_LPC11U24/TOOLCHAIN_GCC_ARM/libmbed.a(us_ticker.o)
                0x0000000000001918                us_ticker_disable_interrupt
 .text.us_ticker_clear_interrupt
                0x0000000000001928        0xc ./mbed/TARGET_LPC11U24/TOOLCHAIN_GCC_ARM/libmbed.a(us_ticker.o)
                0x0000000000001928                us_ticker_clear_interrupt
 .text._ZN4mbed8FileBaseD2Ev
                0x0000000000001934       0x34 ./mbed/TARGET_LPC11U24/TOOLCHAIN_GCC_ARM/libmbed.a(FileBase.o)
                0x0000000000001934                mbed::FileBase::~FileBase()
                0x0000000000001934                mbed::FileBase::~FileBase()
 .text._ZN4mbed8FileBaseD0Ev
                0x0000000000001968       0x40 ./mbed/TARGET_LPC11U24/TOOLCHAIN_GCC_ARM/libmbed.a(FileBase.o)
                0x0000000000001968                mbed::FileBase::~FileBase()
 .text._ZN4mbed8FileBaseC2EPKcNS_8PathTypeE
                0x00000000000019a8       0x24 ./mbed/TARGET_LPC11U24/TOOLCHAIN_GCC_ARM/libmbed.a(FileBase.o)
                0x00000000000019a8                mbed::FileBase::FileBase(char const*, mbed::PathType)
                0x00000000000019a8                mbed::FileBase::FileBase(char const*, mbed::PathType)
 .text._ZN4mbed8FileBase6lookupEPKcj
                0x00000000000019cc       0x40 ./mbed/TARGET_LPC11U24/TOOLCHAIN_GCC_ARM/libmbed.a(FileBase.o)
                0x00000000000019cc                mbed::FileBase::lookup(char const*, unsigned int)
 .text._ZN4mbed8FileBase11getPathTypeEv
                0x0000000000001a0c        0x4 ./mbed/TARGET_LPC11U24/TOOLCHAIN_GCC_ARM/libmbed.a(FileBase.o)
                0x0000000000001a0c                mbed::FileBase::getPathType()
 .text._ZN4mbed8FileLikeD2Ev
                0x0000000000001a10       0x24 ./mbed/TARGET_LPC11U24/TOOLCHAIN_GCC_ARM/libmbed.a(FileLike.o)
                0x0000000000001a10                mbed::FileLike::~FileLike()
                0x0000000000001a10                mbed::FileLike::~FileLike()
 .text._ZThn4_N4mbed8FileLikeD1Ev
                0x0000000000001a34       0x10 ./mbed/TARGET_LPC11U24/TOOLCHAIN_GCC_ARM/libmbed.a(FileLike.o)
                0x0000000000001a34                non-virtual thunk to mbed::FileLike::~FileLike()
 .text._ZN4mbed8FileLikeD0Ev
                0x0000000000001a44       0x2c ./mbed/TARGET_LPC11U24/TOOLCHAIN_GCC_ARM/libmbed.a(FileLike.o)
                0x0000000000001a44                mbed::FileLike::~FileLike()
 .text._ZThn4_N4mbed8FileLikeD0Ev
                0x0000000000001a70       0x10 ./mbed/TARGET_LPC11U24/TOOLCHAIN_GCC_ARM/libmbed.a(FileLike.o)
                0x0000000000001a70                non-virtual thunk to mbed::FileLike::~FileLike()
 .text._ZN4mbed8FileLikeC2EPKc
                0x0000000000001a80       0x28 ./mbed/TARGET_LPC11U24/TOOLCHAIN_GCC_ARM/libmbed.a(FileLike.o)
                0x0000000000001a80                mbed::FileLike::FileLike(char const*)
                0x0000000000001a80                mbed::FileLike::FileLike(char const*)
 .text.us_ticker_irq_handler
                0x0000000000001aa8       0x10 ./mbed/TARGET_LPC11U24/TOOLCHAIN_GCC_ARM/libmbed.a(us_ticker_api.o)
                0x0000000000001aa8                us_ticker_irq_handler
 .text.ticker_irq_handler
                0x0000000000001ab8       0x4c ./mbed/TARGET_LPC11U24/TOOLCHAIN_GCC_ARM/libmbed.a(ticker_api.o)
                0x0000000000001ab8                ticker_irq_handler
 .text.__aeabi_atexit
                0x0000000000001b04        0xe /usr/lib/gcc/arm-none-eabi/4.8/../../../arm-none-eabi/lib/armv6-m/libstdc++_nano.a(atexit_arm.o)
                0x0000000000001b04                __aeabi_atexit
 .text._ZdlPv   0x0000000000001b12        0xc /usr/lib/gcc/arm-none-eabi/4.8/../../../arm-none-eabi/lib/armv6-m/libstdc++_nano.a(del_op.o)
                0x0000000000001b12                operator delete(void*)
 .text.abs      0x0000000000001b1e        0x8 /usr/lib/gcc/arm-none-eabi/4.8/../../../arm-none-eabi/lib/armv6-m/libc_nano.a(lib_a-abs.o)
                0x0000000000001b1e                abs
 .text.atexit   0x0000000000001b26       0x10 /usr/lib/gcc/arm-none-eabi/4.8/../../../arm-none-eabi/lib/armv6-m/libc_nano.a(lib_a-atexit.o)
                0x0000000000001b26                atexit
 *fill*         0x0000000000001b36        0x2 
 .text.__cxa_atexit
                0x0000000000001b38       0x20 /usr/lib/gcc/arm-none-eabi/4.8/../../../arm-none-eabi/lib/armv6-m/libc_nano.a(lib_a-cxa_atexit.o)
                0x0000000000001b38                __cxa_atexit
 .text.__errno  0x0000000000001b58        0xc /usr/lib/gcc/arm-none-eabi/4.8/../../../arm-none-eabi/lib/armv6-m/libc_nano.a(lib_a-errno.o)
                0x0000000000001b58                __errno
 .text.exit     0x0000000000001b64       0x2c /usr/lib/gcc/arm-none-eabi/4.8/../../../arm-none-eabi/lib/armv6-m/libc_nano.a(lib_a-exit.o)
                0x0000000000001b64                exit
 .text._fclose_r
                0x0000000000001b90       0xb0 /usr/lib/gcc/arm-none-eabi/4.8/../../../arm-none-eabi/lib/armv6-m/libc_nano.a(lib_a-fclose.o)
                0x0000000000001b90                _fclose_r
 .text.fclose   0x0000000000001c40       0x14 /usr/lib/gcc/arm-none-eabi/4.8/../../../arm-none-eabi/lib/armv6-m/libc_nano.a(lib_a-fclose.o)
                0x0000000000001c40                fclose
 .text.__sflush_r
                0x0000000000001c54      0x112 /usr/lib/gcc/arm-none-eabi/4.8/../../../arm-none-eabi/lib/armv6-m/libc_nano.a(lib_a-fflush.o)
                0x0000000000001c54                __sflush_r
 *fill*         0x0000000000001d66        0x2 
 .text._fflush_r
                0x0000000000001d68       0x58 /usr/lib/gcc/arm-none-eabi/4.8/../../../arm-none-eabi/lib/armv6-m/libc_nano.a(lib_a-fflush.o)
                0x0000000000001d68                _fflush_r
 .text.fflush   0x0000000000001dc0       0x28 /usr/lib/gcc/arm-none-eabi/4.8/../../../arm-none-eabi/lib/armv6-m/libc_nano.a(lib_a-fflush.o)
                0x0000000000001dc0                fflush
 .text._cleanup_r
                0x0000000000001de8       0x10 /usr/lib/gcc/arm-none-eabi/4.8/../../../arm-none-eabi/lib/armv6-m/libc_nano.a(lib_a-findfp.o)
                0x0000000000001de8                _cleanup_r
 .text.std.isra.0
                0x0000000000001df8       0x48 /usr/lib/gcc/arm-none-eabi/4.8/../../../arm-none-eabi/lib/armv6-m/libc_nano.a(lib_a-findfp.o)
 .text.__sfmoreglue
                0x0000000000001e40       0x2c /usr/lib/gcc/arm-none-eabi/4.8/../../../arm-none-eabi/lib/armv6-m/libc_nano.a(lib_a-findfp.o)
                0x0000000000001e40                __sfmoreglue
 .text.__sinit  0x0000000000001e6c       0x64 /usr/lib/gcc/arm-none-eabi/4.8/../../../arm-none-eabi/lib/armv6-m/libc_nano.a(lib_a-findfp.o)
                0x0000000000001e6c                __sinit
 .text.__sfp    0x0000000000001ed0       0x7c /usr/lib/gcc/arm-none-eabi/4.8/../../../arm-none-eabi/lib/armv6-m/libc_nano.a(lib_a-findfp.o)
                0x0000000000001ed0                __sfp
 .text.__sfp_lock_acquire
                0x0000000000001f4c        0x2 /usr/lib/gcc/arm-none-eabi/4.8/../../../arm-none-eabi/lib/armv6-m/libc_nano.a(lib_a-findfp.o)
                0x0000000000001f4c                __sfp_lock_acquire
 .text.__sfp_lock_release
                0x0000000000001f4e        0x2 /usr/lib/gcc/arm-none-eabi/4.8/../../../arm-none-eabi/lib/armv6-m/libc_nano.a(lib_a-findfp.o)
                0x0000000000001f4e                __sfp_lock_release
 .text.__libc_fini_array
                0x0000000000001f50       0x28 /usr/lib/gcc/arm-none-eabi/4.8/../../../arm-none-eabi/lib/armv6-m/libc_nano.a(lib_a-fini.o)
                0x0000000000001f50                __libc_fini_array
 .text._fopen_r
                0x0000000000001f78       0x7c /usr/lib/gcc/arm-none-eabi/4.8/../../../arm-none-eabi/lib/armv6-m/libc_nano.a(lib_a-fopen.o)
                0x0000000000001f78                _fopen_r
 .text.fopen    0x0000000000001ff4       0x18 /usr/lib/gcc/arm-none-eabi/4.8/../../../arm-none-eabi/lib/armv6-m/libc_nano.a(lib_a-fopen.o)
                0x0000000000001ff4                fopen
 .text._fseek_r
                0x000000000000200c        0x8 /usr/lib/gcc/arm-none-eabi/4.8/../../../arm-none-eabi/lib/armv6-m/libc_nano.a(lib_a-fseek.o)
                0x000000000000200c                _fseek_r
 .text._fseeko_r
                0x0000000000002014      0x130 /usr/lib/gcc/arm-none-eabi/4.8/../../../arm-none-eabi/lib/armv6-m/libc_nano.a(lib_a-fseeko.o)
                0x0000000000002014                _fseeko_r
 .text._fwalk_reent
                0x0000000000002144       0x42 /usr/lib/gcc/arm-none-eabi/4.8/../../../arm-none-eabi/lib/armv6-m/libc_nano.a(lib_a-fwalk.o)
                0x0000000000002144                _fwalk_reent
 *fill*         0x0000000000002186        0x2 
 .text.__libc_init_array
                0x0000000000002188       0x4c /usr/lib/gcc/arm-none-eabi/4.8/../../../arm-none-eabi/lib/armv6-m/libc_nano.a(lib_a-init.o)
                0x0000000000002188                __libc_init_array
 .text.__smakebuf_r
                0x00000000000021d4       0xa0 /usr/lib/gcc/arm-none-eabi/4.8/../../../arm-none-eabi/lib/armv6-m/libc_nano.a(lib_a-makebuf.o)
                0x00000000000021d4                __smakebuf_r
 .text.malloc   0x0000000000002274       0x14 /usr/lib/gcc/arm-none-eabi/4.8/../../../arm-none-eabi/lib/armv6-m/libc_nano.a(lib_a-malloc.o)
                0x0000000000002274                malloc
 .text.free     0x0000000000002288       0x14 /usr/lib/gcc/arm-none-eabi/4.8/../../../arm-none-eabi/lib/armv6-m/libc_nano.a(lib_a-malloc.o)
                0x0000000000002288                free
 .text.memchr   0x000000000000229c       0x16 /usr/lib/gcc/arm-none-eabi/4.8/../../../arm-none-eabi/lib/armv6-m/libc_nano.a(lib_a-memchr-stub.o)
                0x000000000000229c                memchr
 .text.memcpy   0x00000000000022b2       0x12 /usr/lib/gcc/arm-none-eabi/4.8/../../../arm-none-eabi/lib/armv6-m/libc_nano.a(lib_a-memcpy-stub.o)
                0x00000000000022b2                memcpy
 .text.memset   0x00000000000022c4       0x10 /usr/lib/gcc/arm-none-eabi/4.8/../../../arm-none-eabi/lib/armv6-m/libc_nano.a(lib_a-memset.o)
                0x00000000000022c4                memset
 .text._free_r  0x00000000000022d4       0x90 /usr/lib/gcc/arm-none-eabi/4.8/../../../arm-none-eabi/lib/armv6-m/libc_nano.a(lib_a-nano-freer.o)
                0x00000000000022d4                _free_r
 .text._malloc_r
                0x0000000000002364       0xac /usr/lib/gcc/arm-none-eabi/4.8/../../../arm-none-eabi/lib/armv6-m/libc_nano.a(lib_a-nano-mallocr.o)
                0x0000000000002364                _malloc_r
 .text.__sfputc_r
                0x0000000000002410       0x2a /usr/lib/gcc/arm-none-eabi/4.8/../../../arm-none-eabi/lib/armv6-m/libc_nano.a(lib_a-nano-vfprintf.o)
 .text.__sfputs_r
                0x000000000000243a       0x24 /usr/lib/gcc/arm-none-eabi/4.8/../../../arm-none-eabi/lib/armv6-m/libc_nano.a(lib_a-nano-vfprintf.o)
                0x000000000000243a                __sfputs_r
 *fill*         0x000000000000245e        0x2 
 .text._vfprintf_r
                0x0000000000002460      0x210 /usr/lib/gcc/arm-none-eabi/4.8/../../../arm-none-eabi/lib/armv6-m/libc_nano.a(lib_a-nano-vfprintf.o)
                0x0000000000002460                _vfiprintf_r
                0x0000000000002460                _vfprintf_r
 .text.vfprintf
                0x0000000000002670       0x1c /usr/lib/gcc/arm-none-eabi/4.8/../../../arm-none-eabi/lib/armv6-m/libc_nano.a(lib_a-nano-vfprintf.o)
                0x0000000000002670                vfiprintf
                0x0000000000002670                vfprintf
 .text._printf_common
                0x000000000000268c       0xe8 /usr/lib/gcc/arm-none-eabi/4.8/../../../arm-none-eabi/lib/armv6-m/libc_nano.a(lib_a-nano-vfprintf_i.o)
                0x000000000000268c                _printf_common
 .text._printf_i
                0x0000000000002774      0x230 /usr/lib/gcc/arm-none-eabi/4.8/../../../arm-none-eabi/lib/armv6-m/libc_nano.a(lib_a-nano-vfprintf_i.o)
                0x0000000000002774                _printf_i
 .text._scanf_chars
                0x00000000000029a4       0xc8 /usr/lib/gcc/arm-none-eabi/4.8/../../../arm-none-eabi/lib/armv6-m/libc_nano.a(lib_a-nano-vfscanf_i.o)
                0x00000000000029a4                _scanf_chars
 .text._scanf_i
                0x0000000000002a6c      0x1fc /usr/lib/gcc/arm-none-eabi/4.8/../../../arm-none-eabi/lib/armv6-m/libc_nano.a(lib_a-nano-vfscanf_i.o)
                0x0000000000002a6c                _scanf_i
 .text._open_r  0x0000000000002c68       0x28 /usr/lib/gcc/arm-none-eabi/4.8/../../../arm-none-eabi/lib/armv6-m/libc_nano.a(lib_a-openr.o)
                0x0000000000002c68                _open_r
 .text.printf   0x0000000000002c90       0x34 /usr/lib/gcc/arm-none-eabi/4.8/../../../arm-none-eabi/lib/armv6-m/libc_nano.a(lib_a-printf.o)
                0x0000000000002c90                printf
                0x0000000000002c90                iprintf
 .text._puts_r  0x0000000000002cc4       0xc2 /usr/lib/gcc/arm-none-eabi/4.8/../../../arm-none-eabi/lib/armv6-m/libc_nano.a(lib_a-puts.o)
                0x0000000000002cc4                _puts_r
 *fill*         0x0000000000002d86        0x2 
 .text.puts     0x0000000000002d88       0x14 /usr/lib/gcc/arm-none-eabi/4.8/../../../arm-none-eabi/lib/armv6-m/libc_nano.a(lib_a-puts.o)
                0x0000000000002d88                puts
 .text._sbrk_r  0x0000000000002d9c       0x24 /usr/lib/gcc/arm-none-eabi/4.8/../../../arm-none-eabi/lib/armv6-m/libc_nano.a(lib_a-sbrkr.o)
                0x0000000000002d9c                _sbrk_r
 .text.__sccl   0x0000000000002dc0       0x66 /usr/lib/gcc/arm-none-eabi/4.8/../../../arm-none-eabi/lib/armv6-m/libc_nano.a(lib_a-sccl.o)
                0x0000000000002dc0                __sccl
 .text.setbuf   0x0000000000002e26       0x12 /usr/lib/gcc/arm-none-eabi/4.8/../../../arm-none-eabi/lib/armv6-m/libc_nano.a(lib_a-setbuf.o)
                0x0000000000002e26                setbuf
 .text.setvbuf  0x0000000000002e38      0x10c /usr/lib/gcc/arm-none-eabi/4.8/../../../arm-none-eabi/lib/armv6-m/libc_nano.a(lib_a-setvbuf.o)
                0x0000000000002e38                setvbuf
 .text.sprintf  0x0000000000002f44       0x44 /usr/lib/gcc/arm-none-eabi/4.8/../../../arm-none-eabi/lib/armv6-m/libc_nano.a(lib_a-sprintf.o)
                0x0000000000002f44                sprintf
                0x0000000000002f44                siprintf
 .text.sscanf   0x0000000000002f88       0x50 /usr/lib/gcc/arm-none-eabi/4.8/../../../arm-none-eabi/lib/armv6-m/libc_nano.a(lib_a-sscanf.o)
                0x0000000000002f88                sscanf
                0x0000000000002f88                siscanf
 .text.__sread  0x0000000000002fd8       0x28 /usr/lib/gcc/arm-none-eabi/4.8/../../../arm-none-eabi/lib/armv6-m/libc_nano.a(lib_a-stdio.o)
                0x0000000000002fd8                __sread
 .text.__seofread
                0x0000000000003000        0x4 /usr/lib/gcc/arm-none-eabi/4.8/../../../arm-none-eabi/lib/armv6-m/libc_nano.a(lib_a-stdio.o)
                0x0000000000003000                __seofread
 .text.__swrite
                0x0000000000003004       0x38 /usr/lib/gcc/arm-none-eabi/4.8/../../../arm-none-eabi/lib/armv6-m/libc_nano.a(lib_a-stdio.o)
                0x0000000000003004                __swrite
 .text.__sseek  0x000000000000303c       0x2c /usr/lib/gcc/arm-none-eabi/4.8/../../../arm-none-eabi/lib/armv6-m/libc_nano.a(lib_a-stdio.o)
                0x000000000000303c                __sseek
 .text.__sclose
                0x0000000000003068        0xc /usr/lib/gcc/arm-none-eabi/4.8/../../../arm-none-eabi/lib/armv6-m/libc_nano.a(lib_a-stdio.o)
                0x0000000000003068                __sclose
 .text          0x0000000000003074       0x14 /usr/lib/gcc/arm-none-eabi/4.8/../../../arm-none-eabi/lib/armv6-m/libc_nano.a(lib_a-strcmp.o)
                0x0000000000003074                strcmp
 .text.strlen   0x0000000000003088        0xe /usr/lib/gcc/arm-none-eabi/4.8/../../../arm-none-eabi/lib/armv6-m/libc_nano.a(lib_a-strlen.o)
                0x0000000000003088                strlen
 .text.strncmp  0x0000000000003096       0x2c /usr/lib/gcc/arm-none-eabi/4.8/../../../arm-none-eabi/lib/armv6-m/libc_nano.a(lib_a-strncmp.o)
                0x0000000000003096                strncmp
 *fill*         0x00000000000030c2        0x2 
 .text._strtol_r
                0x00000000000030c4      0x114 /usr/lib/gcc/arm-none-eabi/4.8/../../../arm-none-eabi/lib/armv6-m/libc_nano.a(lib_a-strtol.o)
                0x00000000000030c4                _strtol_r
 .text._strtoul_r
                0x00000000000031d8       0xf8 /usr/lib/gcc/arm-none-eabi/4.8/../../../arm-none-eabi/lib/armv6-m/libc_nano.a(lib_a-strtoul.o)
                0x00000000000031d8                _strtoul_r
 .text.__submore
                0x00000000000032d0       0x7c /usr/lib/gcc/arm-none-eabi/4.8/../../../arm-none-eabi/lib/armv6-m/libc_nano.a(lib_a-ungetc.o)
                0x00000000000032d0                __submore
 .text.__swbuf_r
                0x000000000000334c       0xb0 /usr/lib/gcc/arm-none-eabi/4.8/../../../arm-none-eabi/lib/armv6-m/libc_nano.a(lib_a-wbuf.o)
                0x000000000000334c                __swbuf_r
 .text._write_r
                0x00000000000033fc       0x28 /usr/lib/gcc/arm-none-eabi/4.8/../../../arm-none-eabi/lib/armv6-m/libc_nano.a(lib_a-writer.o)
                0x00000000000033fc                _write_r
 .text.__swsetup_r
                0x0000000000003424       0xe4 /usr/lib/gcc/arm-none-eabi/4.8/../../../arm-none-eabi/lib/armv6-m/libc_nano.a(lib_a-wsetup.o)
                0x0000000000003424                __swsetup_r
 .text.__register_exitproc
                0x0000000000003508       0xb0 /usr/lib/gcc/arm-none-eabi/4.8/../../../arm-none-eabi/lib/armv6-m/libc_nano.a(lib_a-__atexit.o)
                0x0000000000003508                __register_exitproc
 .text.__call_exitprocs
                0x00000000000035b8       0xe0 /usr/lib/gcc/arm-none-eabi/4.8/../../../arm-none-eabi/lib/armv6-m/libc_nano.a(lib_a-__call_atexit.o)
                0x00000000000035b8                __call_exitprocs
 .text._close_r
                0x0000000000003698       0x24 /usr/lib/gcc/arm-none-eabi/4.8/../../../arm-none-eabi/lib/armv6-m/libc_nano.a(lib_a-closer.o)
                0x0000000000003698                _close_r
 .text.__sflags
                0x00000000000036bc       0x6e /usr/lib/gcc/arm-none-eabi/4.8/../../../arm-none-eabi/lib/armv6-m/libc_nano.a(lib_a-flags.o)
                0x00000000000036bc                __sflags
 *fill*         0x000000000000372a        0x2 
 .text._fstat_r
                0x000000000000372c       0x24 /usr/lib/gcc/arm-none-eabi/4.8/../../../arm-none-eabi/lib/armv6-m/libc_nano.a(lib_a-fstatr.o)
                0x000000000000372c                _fstat_r
 .text._isatty_r
                0x0000000000003750       0x24 /usr/lib/gcc/arm-none-eabi/4.8/../../../arm-none-eabi/lib/armv6-m/libc_nano.a(lib_a-isattyr.o)
                0x0000000000003750                _isatty_r
 .text._lseek_r
                0x0000000000003774       0x28 /usr/lib/gcc/arm-none-eabi/4.8/../../../arm-none-eabi/lib/armv6-m/libc_nano.a(lib_a-lseekr.o)
                0x0000000000003774                _lseek_r
 .text.memmove  0x000000000000379c       0x32 /usr/lib/gcc/arm-none-eabi/4.8/../../../arm-none-eabi/lib/armv6-m/libc_nano.a(lib_a-memmove.o)
                0x000000000000379c                memmove
 .text._realloc_r
                0x00000000000037ce       0x4c /usr/lib/gcc/arm-none-eabi/4.8/../../../arm-none-eabi/lib/armv6-m/libc_nano.a(lib_a-nano-reallocr.o)
                0x00000000000037ce                _realloc_r
 *fill*         0x000000000000381a        0x2 
 .text.__ssputs_r
                0x000000000000381c       0xc0 /usr/lib/gcc/arm-none-eabi/4.8/../../../arm-none-eabi/lib/armv6-m/libc_nano.a(lib_a-nano-svfprintf.o)
                0x000000000000381c                __ssputs_r
 .text._svfprintf_r
                0x00000000000038dc      0x1e0 /usr/lib/gcc/arm-none-eabi/4.8/../../../arm-none-eabi/lib/armv6-m/libc_nano.a(lib_a-nano-svfprintf.o)
                0x00000000000038dc                _svfprintf_r
                0x00000000000038dc                _svfiprintf_r
 .text._sungetc_r
                0x0000000000003abc       0x7a /usr/lib/gcc/arm-none-eabi/4.8/../../../arm-none-eabi/lib/armv6-m/libc_nano.a(lib_a-nano-svfscanf.o)
                0x0000000000003abc                _sungetc_r
 .text.__ssrefill_r
                0x0000000000003b36       0x3e /usr/lib/gcc/arm-none-eabi/4.8/../../../arm-none-eabi/lib/armv6-m/libc_nano.a(lib_a-nano-svfscanf.o)
                0x0000000000003b36                __ssrefill_r
 .text.__ssvfscanf_r
                0x0000000000003b74      0x2b0 /usr/lib/gcc/arm-none-eabi/4.8/../../../arm-none-eabi/lib/armv6-m/libc_nano.a(lib_a-nano-svfscanf.o)
                0x0000000000003b74                __ssvfscanf_r
                0x0000000000003b74                __ssvfiscanf_r
 .text._read_r  0x0000000000003e24       0x28 /usr/lib/gcc/arm-none-eabi/4.8/../../../arm-none-eabi/lib/armv6-m/libc_nano.a(lib_a-readr.o)
                0x0000000000003e24                _read_r
 .text._malloc_usable_size_r
                0x0000000000003e4c       0x12 /usr/lib/gcc/arm-none-eabi/4.8/../../../arm-none-eabi/lib/armv6-m/libc_nano.a(lib_a-nano-msizer.o)
                0x0000000000003e4c                _malloc_usable_size_r
 *fill*         0x0000000000003e5e        0x2 
 .text          0x0000000000003e60       0x9c /usr/lib/gcc/arm-none-eabi/4.8/armv6-m/libgcc.a(_udivsi3.o)
                0x0000000000003e60                __udivsi3
                0x0000000000003e60                __aeabi_uidiv
                0x0000000000003ee8                __aeabi_uidivmod
 .text          0x0000000000003efc        0x4 /usr/lib/gcc/arm-none-eabi/4.8/armv6-m/libgcc.a(_dvmd_tls.o)
                0x0000000000003efc                __aeabi_ldiv0
                0x0000000000003efc                __aeabi_idiv0
 *(.init)
 .init          0x0000000000003f00        0x4 /usr/lib/gcc/arm-none-eabi/4.8/armv6-m/crti.o
                0x0000000000003f00                _init
 .init          0x0000000000003f04        0x8 /usr/lib/gcc/arm-none-eabi/4.8/armv6-m/crtn.o
 *(.fini)
 .fini          0x0000000000003f0c        0x4 /usr/lib/gcc/arm-none-eabi/4.8/armv6-m/crti.o
                0x0000000000003f0c                _fini
 .fini          0x0000000000003f10        0x8 /usr/lib/gcc/arm-none-eabi/4.8/armv6-m/crtn.o
 *crtbegin.o(.ctors)
 *crtbegin?.o(.ctors)
 *(EXCLUDE_FILE(*crtend.o *crtend?.o) .ctors)
 *(SORT(.ctors.*))
 *(.ctors)
 *crtbegin.o(.dtors)
 *crtbegin?.o(.dtors)
 *(EXCLUDE_FILE(*crtend.o *crtend?.o) .dtors)
 *(SORT(.dtors.*))
 *(.dtors)
 *(.rodata*)
 .rodata._ZTVN4mbed10SerialBaseE
                0x0000000000003f18       0x10 main.o
                0x0000000000003f18                vtable for mbed::SerialBase
 .rodata.str1.1
                0x0000000000003f28       0x78 main.o
 .rodata.str1.4
                0x0000000000003fa0       0x82 mbed/TARGET_LPC11U24/TOOLCHAIN_GCC_ARM/board.o
                                         0x84 (size before relaxing)
 *fill*         0x0000000000004022        0x2 
 .rodata.__stdin_name
                0x0000000000004024        0x8 mbed/TARGET_LPC11U24/TOOLCHAIN_GCC_ARM/retarget.o
                0x0000000000004024                __stdin_name
 .rodata.__stderr_name
                0x000000000000402c        0x8 mbed/TARGET_LPC11U24/TOOLCHAIN_GCC_ARM/retarget.o
                0x000000000000402c                __stderr_name
 .rodata.__stdout_name
                0x0000000000004034        0x8 mbed/TARGET_LPC11U24/TOOLCHAIN_GCC_ARM/retarget.o
                0x0000000000004034                __stdout_name
 *fill*         0x000000000000403c        0x4 
 .rodata._ZTVN4mbed10FileHandleE
                0x0000000000004040       0x30 mbed/TARGET_LPC11U24/TOOLCHAIN_GCC_ARM/retarget.o
                0x0000000000004040                vtable for mbed::FileHandle
 .rodata.str1.4
                0x0000000000004070        0xe mbed/TARGET_LPC11U24/TOOLCHAIN_GCC_ARM/retarget.o
                                         0x10 (size before relaxing)
 *fill*         0x000000000000407e        0x2 
 .rodata.str1.4
                0x0000000000004080      0x14c ./mbed/TARGET_LPC11U24/TOOLCHAIN_GCC_ARM/libmbed.a(serial_api.o)
 .rodata.CSWTCH.16
                0x00000000000041cc       0x10 ./mbed/TARGET_LPC11U24/TOOLCHAIN_GCC_ARM/libmbed.a(serial_api.o)
 *fill*         0x00000000000041dc        0x4 
 .rodata._ZTVN4mbed6SerialE
                0x00000000000041e0       0x60 ./mbed/TARGET_LPC11U24/TOOLCHAIN_GCC_ARM/libmbed.a(Serial.o)
                0x00000000000041e0                vtable for mbed::Serial
 .rodata._ZTVN4mbed6StreamE
                0x0000000000004240       0x48 ./mbed/TARGET_LPC11U24/TOOLCHAIN_GCC_ARM/libmbed.a(Stream.o)
                0x0000000000004240                vtable for mbed::Stream
 .rodata.str1.4
                0x0000000000004288        0x3 ./mbed/TARGET_LPC11U24/TOOLCHAIN_GCC_ARM/libmbed.a(Stream.o)
                                          0x8 (size before relaxing)
 *fill*         0x000000000000428b        0x1 
 .rodata.str1.4
                0x000000000000428c       0x31 ./mbed/TARGET_LPC11U24/TOOLCHAIN_GCC_ARM/libmbed.a(assert.o)
                                         0x34 (size before relaxing)
 .rodata.str1.4
                0x00000000000042bd       0x84 ./mbed/TARGET_LPC11U24/TOOLCHAIN_GCC_ARM/libmbed.a(gpio.o)
 *fill*         0x00000000000042bd        0x3 
 .rodata.str1.4
                0x00000000000042c0       0x66 ./mbed/TARGET_LPC11U24/TOOLCHAIN_GCC_ARM/libmbed.a(pinmap_common.o)
                                         0x68 (size before relaxing)
 *fill*         0x0000000000004326        0x2 
 .rodata.PinMap_I2C_SDA
                0x0000000000004328       0x18 ./mbed/TARGET_LPC11U24/TOOLCHAIN_GCC_ARM/libmbed.a(PeripheralPins.o)
                0x0000000000004328                PinMap_I2C_SDA
 .rodata.PinMap_UART_RX
                0x0000000000004340       0x30 ./mbed/TARGET_LPC11U24/TOOLCHAIN_GCC_ARM/libmbed.a(PeripheralPins.o)
                0x0000000000004340                PinMap_UART_RX
 .rodata.PinMap_I2C_SCL
                0x0000000000004370       0x18 ./mbed/TARGET_LPC11U24/TOOLCHAIN_GCC_ARM/libmbed.a(PeripheralPins.o)
                0x0000000000004370                PinMap_I2C_SCL
 .rodata.PinMap_UART_TX
                0x0000000000004388       0x30 ./mbed/TARGET_LPC11U24/TOOLCHAIN_GCC_ARM/libmbed.a(PeripheralPins.o)
                0x0000000000004388                PinMap_UART_TX
 .rodata.str1.4
                0x00000000000043b8       0x7b ./mbed/TARGET_LPC11U24/TOOLCHAIN_GCC_ARM/libmbed.a(gpio_api.o)
                                         0x94 (size before relaxing)
 *fill*         0x0000000000004433        0x1 
 .rodata.str1.4
                0x0000000000004434       0x65 ./mbed/TARGET_LPC11U24/TOOLCHAIN_GCC_ARM/libmbed.a(pinmap.o)
                                         0x7c (size before relaxing)
 *fill*         0x0000000000004499        0x3 
 .rodata.str1.4
                0x000000000000449c       0x7c ./mbed/TARGET_LPC11U24/TOOLCHAIN_GCC_ARM/libmbed.a(i2c_api.o)
 .rodata._ZTVN4mbed8FileBaseE
                0x0000000000004518       0x10 ./mbed/TARGET_LPC11U24/TOOLCHAIN_GCC_ARM/libmbed.a(FileBase.o)
                0x0000000000004518                vtable for mbed::FileBase
 .rodata._ZTVN4mbed8FileLikeE
                0x0000000000004528       0x40 ./mbed/TARGET_LPC11U24/TOOLCHAIN_GCC_ARM/libmbed.a(FileLike.o)
                0x0000000000004528                vtable for mbed::FileLike
 .rodata.us_interface
                0x0000000000004568       0x14 ./mbed/TARGET_LPC11U24/TOOLCHAIN_GCC_ARM/libmbed.a(us_ticker_api.o)
 .rodata.us_data
                0x000000000000457c        0x8 ./mbed/TARGET_LPC11U24/TOOLCHAIN_GCC_ARM/libmbed.a(us_ticker_api.o)
 .rodata.__sf_fake_stdin
                0x0000000000004584       0x20 /usr/lib/gcc/arm-none-eabi/4.8/../../../arm-none-eabi/lib/armv6-m/libc_nano.a(lib_a-findfp.o)
                0x0000000000004584                __sf_fake_stdin
 .rodata.__sf_fake_stdout
                0x00000000000045a4       0x20 /usr/lib/gcc/arm-none-eabi/4.8/../../../arm-none-eabi/lib/armv6-m/libc_nano.a(lib_a-findfp.o)
                0x00000000000045a4                __sf_fake_stdout
 .rodata.__sf_fake_stderr
                0x00000000000045c4       0x20 /usr/lib/gcc/arm-none-eabi/4.8/../../../arm-none-eabi/lib/armv6-m/libc_nano.a(lib_a-findfp.o)
                0x00000000000045c4                __sf_fake_stderr
 .rodata.str1.1
                0x00000000000045e4        0x2 /usr/lib/gcc/arm-none-eabi/4.8/../../../arm-none-eabi/lib/armv6-m/libc_nano.a(lib_a-impure.o)
 *fill*         0x00000000000045e6        0x2 
 .rodata._global_impure_ptr
                0x00000000000045e8        0x4 /usr/lib/gcc/arm-none-eabi/4.8/../../../arm-none-eabi/lib/armv6-m/libc_nano.a(lib_a-impure.o)
                0x00000000000045e8                _global_impure_ptr
 .rodata.str1.1
                0x00000000000045ec       0x11 /usr/lib/gcc/arm-none-eabi/4.8/../../../arm-none-eabi/lib/armv6-m/libc_nano.a(lib_a-nano-vfprintf.o)
 .rodata.str1.1
                0x00000000000045fd       0x22 /usr/lib/gcc/arm-none-eabi/4.8/../../../arm-none-eabi/lib/armv6-m/libc_nano.a(lib_a-nano-vfprintf_i.o)
 *fill*         0x000000000000461f        0x1 
 .rodata        0x0000000000004620        0xc /usr/lib/gcc/arm-none-eabi/4.8/../../../arm-none-eabi/lib/armv6-m/libc_nano.a(lib_a-nano-vfscanf_i.o)
 .rodata.str1.1
                0x000000000000462c       0x1b /usr/lib/gcc/arm-none-eabi/4.8/../../../arm-none-eabi/lib/armv6-m/libc_nano.a(lib_a-nano-vfscanf_i.o)
 .rodata._ctype_
                0x0000000000004647      0x101 /usr/lib/gcc/arm-none-eabi/4.8/../../../arm-none-eabi/lib/armv6-m/libc_nano.a(lib_a-ctype_.o)
                0x0000000000004647                _ctype_
 .rodata.str1.1
                0x0000000000004748       0x11 /usr/lib/gcc/arm-none-eabi/4.8/../../../arm-none-eabi/lib/armv6-m/libc_nano.a(lib_a-nano-svfprintf.o)
 .rodata.str1.1
                0x0000000000004748        0x4 /usr/lib/gcc/arm-none-eabi/4.8/../../../arm-none-eabi/lib/armv6-m/libc_nano.a(lib_a-nano-svfscanf.o)
 *(.eh_frame*)
 .eh_frame      0x0000000000004748        0x0 /usr/lib/gcc/arm-none-eabi/4.8/armv6-m/crtbegin.o
 .eh_frame      0x0000000000004748       0x28 /usr/lib/gcc/arm-none-eabi/4.8/../../../arm-none-eabi/lib/armv6-m/libc_nano.a(lib_a-strcmp.o)
 .eh_frame      0x0000000000004770        0x4 /usr/lib/gcc/arm-none-eabi/4.8/armv6-m/crtend.o

.glue_7         0x0000000000004774        0x0
 .glue_7        0x0000000000004774        0x0 linker stubs

.glue_7t        0x0000000000004774        0x0
 .glue_7t       0x0000000000004774        0x0 linker stubs

.vfp11_veneer   0x0000000000004774        0x0
 .vfp11_veneer  0x0000000000004774        0x0 linker stubs

.v4_bx          0x0000000000004774        0x0
 .v4_bx         0x0000000000004774        0x0 linker stubs

.iplt           0x0000000000004774        0x0
 .iplt          0x0000000000004774        0x0 /usr/lib/gcc/arm-none-eabi/4.8/armv6-m/crtbegin.o

.ARM.extab
 *(.ARM.extab* .gnu.linkonce.armextab.*)
                0x0000000000004774                __exidx_start = .

.ARM.exidx      0x0000000000004774        0x8
 *(.ARM.exidx* .gnu.linkonce.armexidx.*)
 .ARM.exidx     0x0000000000004774        0x8 /usr/lib/gcc/arm-none-eabi/4.8/../../../arm-none-eabi/lib/armv6-m/crt0.o
                0x000000000000477c                __exidx_end = .
                0x000000000000477c                __etext = .

.rel.dyn        0x000000000000477c        0x0
 .rel.iplt      0x000000000000477c        0x0 /usr/lib/gcc/arm-none-eabi/4.8/armv6-m/crtbegin.o

.data           0x00000000100000c0       0x84 load address 0x000000000000477c
                0x00000000100000c0                __data_start__ = .
 *(vtable)
 *(.data*)
 .data          0x00000000100000c0        0x4 /usr/lib/gcc/arm-none-eabi/4.8/armv6-m/crtbegin.o
                0x00000000100000c0                __dso_handle
 .data._ZZ5_sbrkE4heap
                0x00000000100000c4        0x4 mbed/TARGET_LPC11U24/TOOLCHAIN_GCC_ARM/retarget.o
 .data.SystemCoreClock
                0x00000000100000c8        0x4 mbed/TARGET_LPC11U24/TOOLCHAIN_GCC_ARM/system_LPC11Uxx.o
                0x00000000100000c8                SystemCoreClock
 .data.is_debugger_attached
                0x00000000100000cc        0x4 ./mbed/TARGET_LPC11U24/TOOLCHAIN_GCC_ARM/libmbed.a(semihost_api.o)
 .data.impure_data
                0x00000000100000d0       0x60 /usr/lib/gcc/arm-none-eabi/4.8/../../../arm-none-eabi/lib/armv6-m/libc_nano.a(lib_a-impure.o)
 .data._impure_ptr
                0x0000000010000130        0x4 /usr/lib/gcc/arm-none-eabi/4.8/../../../arm-none-eabi/lib/armv6-m/libc_nano.a(lib_a-impure.o)
                0x0000000010000130                _impure_ptr
 .data.__ctype_ptr__
                0x0000000010000134        0x4 /usr/lib/gcc/arm-none-eabi/4.8/../../../arm-none-eabi/lib/armv6-m/libc_nano.a(lib_a-ctype_.o)
                0x0000000010000134                __ctype_ptr__
                0x0000000010000138                . = ALIGN (0x4)
                0x0000000010000138                PROVIDE (__preinit_array_start, .)
 *(.preinit_array)
                0x0000000010000138                PROVIDE (__preinit_array_end, .)
                0x0000000010000138                . = ALIGN (0x4)
                0x0000000010000138                PROVIDE (__init_array_start, .)
 *(SORT(.init_array.*))
 *(.init_array)
 .init_array    0x0000000010000138        0x4 /usr/lib/gcc/arm-none-eabi/4.8/armv6-m/crtbegin.o
 .init_array    0x000000001000013c        0x4 main.o
                0x0000000010000140                PROVIDE (__init_array_end, .)
                0x0000000010000140                . = ALIGN (0x4)
                0x0000000010000140                PROVIDE (__fini_array_start, .)
 *(SORT(.fini_array.*))
 *(.fini_array)
 .fini_array    0x0000000010000140        0x4 /usr/lib/gcc/arm-none-eabi/4.8/armv6-m/crtbegin.o
                0x0000000010000144                PROVIDE (__fini_array_end, .)
                0x0000000010000144                . = ALIGN (0x4)
                0x0000000010000144                __data_end__ = .

.jcr            0x0000000010000144        0x0 load address 0x0000000000004800
 .jcr           0x0000000010000144        0x0 /usr/lib/gcc/arm-none-eabi/4.8/armv6-m/crtbegin.o

.tm_clone_table
                0x0000000010000144        0x0 load address 0x0000000000004800
 .tm_clone_table
                0x0000000010000144        0x0 /usr/lib/gcc/arm-none-eabi/4.8/armv6-m/crtbegin.o
 .tm_clone_table
                0x0000000010000144        0x0 /usr/lib/gcc/arm-none-eabi/4.8/armv6-m/crtend.o

.igot.plt       0x0000000010000144        0x0 load address 0x0000000000004800
 .igot.plt      0x0000000010000144        0x0 /usr/lib/gcc/arm-none-eabi/4.8/armv6-m/crtbegin.o

.bss            0x0000000010000144      0x260 load address 0x0000000000004800
                0x0000000010000144                __bss_start__ = .
 *(.bss*)
 .bss           0x0000000010000144       0x1c /usr/lib/gcc/arm-none-eabi/4.8/armv6-m/crtbegin.o
 .bss.myled     0x0000000010000160       0x18 main.o
                0x0000000010000160                myled
 .bss.accelgyro
                0x0000000010000178        0xf main.o
                0x0000000010000178                accelgyro
 *fill*         0x0000000010000187        0x1 
 .bss.serial    0x0000000010000188       0x58 main.o
                0x0000000010000188                serial
 .bss._ZL11filehandles
                0x00000000100001e0      0x100 mbed/TARGET_LPC11U24/TOOLCHAIN_GCC_ARM/retarget.o
 .bss.stdio_uart_inited
                0x00000000100002e0        0x4 ./mbed/TARGET_LPC11U24/TOOLCHAIN_GCC_ARM/libmbed.a(serial_api.o)
                0x00000000100002e0                stdio_uart_inited
 .bss.serial_irq_ids
                0x00000000100002e4        0x4 ./mbed/TARGET_LPC11U24/TOOLCHAIN_GCC_ARM/libmbed.a(serial_api.o)
 .bss.irq_handler
                0x00000000100002e8        0x4 ./mbed/TARGET_LPC11U24/TOOLCHAIN_GCC_ARM/libmbed.a(serial_api.o)
 .bss._ZN4mbed3I2C6_ownerE
                0x00000000100002ec        0x4 ./mbed/TARGET_LPC11U24/TOOLCHAIN_GCC_ARM/libmbed.a(I2C.o)
                0x00000000100002ec                mbed::I2C::_owner
 .bss.us_ticker_inited
                0x00000000100002f0        0x4 ./mbed/TARGET_LPC11U24/TOOLCHAIN_GCC_ARM/libmbed.a(us_ticker.o)
                0x00000000100002f0                us_ticker_inited
 .bss._ZN4mbed8FileBase5_headE
                0x00000000100002f4        0x4 ./mbed/TARGET_LPC11U24/TOOLCHAIN_GCC_ARM/libmbed.a(FileBase.o)
                0x00000000100002f4                mbed::FileBase::_head
 .bss.events    0x00000000100002f8        0x8 ./mbed/TARGET_LPC11U24/TOOLCHAIN_GCC_ARM/libmbed.a(us_ticker_api.o)
 .bss.__malloc_sbrk_start
                0x0000000010000300        0x4 /usr/lib/gcc/arm-none-eabi/4.8/../../../arm-none-eabi/lib/armv6-m/libc_nano.a(lib_a-nano-mallocr.o)
                0x0000000010000300                __malloc_sbrk_start
 .bss.__malloc_free_list
                0x0000000010000304        0x4 /usr/lib/gcc/arm-none-eabi/4.8/../../../arm-none-eabi/lib/armv6-m/libc_nano.a(lib_a-nano-mallocr.o)
                0x0000000010000304                __malloc_free_list
 .bss._global_atexit0
                0x0000000010000308       0x8c /usr/lib/gcc/arm-none-eabi/4.8/../../../arm-none-eabi/lib/armv6-m/libc_nano.a(lib_a-__atexit.o)
 .bss._global_atexit
                0x0000000010000394        0x4 /usr/lib/gcc/arm-none-eabi/4.8/../../../arm-none-eabi/lib/armv6-m/libc_nano.a(lib_a-__call_atexit.o)
                0x0000000010000394                _global_atexit
 *(COMMON)
 COMMON         0x0000000010000398        0x8 ./mbed/TARGET_LPC11U24/TOOLCHAIN_GCC_ARM/libmbed.a(serial_api.o)
                0x0000000010000398                stdio_uart
 COMMON         0x00000000100003a0        0x4 /usr/lib/gcc/arm-none-eabi/4.8/../../../arm-none-eabi/lib/armv6-m/libc_nano.a(lib_a-reent.o)
                0x00000000100003a0                errno
                0x00000000100003a4                __bss_end__ = .

.heap           0x00000000100003a8       0x80
                0x00000000100003a8                __end__ = .
                0x00000000100003a8                end = __end__
 *(.heap*)
 .heap          0x00000000100003a8       0x80 mbed/TARGET_LPC11U24/TOOLCHAIN_GCC_ARM/startup_LPC11xx.o
                0x00000000100003a8                __HeapBase
                0x0000000010000428                __HeapLimit = .

.stack_dummy    0x00000000100003a8       0x80
 *(.stack)
 .stack         0x00000000100003a8       0x80 mbed/TARGET_LPC11U24/TOOLCHAIN_GCC_ARM/startup_LPC11xx.o
                0x0000000010002000                __StackTop = (ORIGIN (RAM) + 0x1f40)
                0x0000000010001f80                __StackLimit = (__StackTop - SIZEOF (.stack_dummy))
                0x0000000010002000                PROVIDE (__stack, __StackTop)
                0x0000000000000001                ASSERT ((__StackLimit >= __HeapLimit), region RAM overflowed with stack)
OUTPUT(mbed_blinky.elf elf32-littlearm)

.ARM.attributes
                0x0000000000000000       0x28
 .ARM.attributes
                0x0000000000000000       0x1e /usr/lib/gcc/arm-none-eabi/4.8/armv6-m/crti.o
 .ARM.attributes
                0x000000000000001e       0x2c /usr/lib/gcc/arm-none-eabi/4.8/armv6-m/crtbegin.o
 .ARM.attributes
                0x000000000000004a       0x1b /usr/lib/gcc/arm-none-eabi/4.8/../../../arm-none-eabi/lib/armv6-m/crt0.o
 .ARM.attributes
                0x0000000000000065       0x31 main.o
 .ARM.attributes
                0x0000000000000096       0x31 I2Cdev.o
 .ARM.attributes
                0x00000000000000c7       0x31 MPU6050.o
 .ARM.attributes
                0x00000000000000f8       0x31 mbed/TARGET_LPC11U24/TOOLCHAIN_GCC_ARM/board.o
 .ARM.attributes
                0x0000000000000129       0x31 mbed/TARGET_LPC11U24/TOOLCHAIN_GCC_ARM/cmsis_nvic.o
 .ARM.attributes
                0x000000000000015a       0x31 mbed/TARGET_LPC11U24/TOOLCHAIN_GCC_ARM/retarget.o
 .ARM.attributes
                0x000000000000018b       0x1b mbed/TARGET_LPC11U24/TOOLCHAIN_GCC_ARM/startup_LPC11xx.o
 .ARM.attributes
                0x00000000000001a6       0x31 mbed/TARGET_LPC11U24/TOOLCHAIN_GCC_ARM/system_LPC11Uxx.o
 .ARM.attributes
                0x00000000000001d7       0x31 ./mbed/TARGET_LPC11U24/TOOLCHAIN_GCC_ARM/libmbed.a(serial_api.o)
 .ARM.attributes
                0x0000000000000208       0x31 ./mbed/TARGET_LPC11U24/TOOLCHAIN_GCC_ARM/libmbed.a(FilePath.o)
 .ARM.attributes
                0x0000000000000239       0x31 ./mbed/TARGET_LPC11U24/TOOLCHAIN_GCC_ARM/libmbed.a(I2C.o)
 .ARM.attributes
                0x000000000000026a       0x31 ./mbed/TARGET_LPC11U24/TOOLCHAIN_GCC_ARM/libmbed.a(Serial.o)
 .ARM.attributes
                0x000000000000029b       0x31 ./mbed/TARGET_LPC11U24/TOOLCHAIN_GCC_ARM/libmbed.a(SerialBase.o)
 .ARM.attributes
                0x00000000000002cc       0x31 ./mbed/TARGET_LPC11U24/TOOLCHAIN_GCC_ARM/libmbed.a(Stream.o)
 .ARM.attributes
                0x00000000000002fd       0x31 ./mbed/TARGET_LPC11U24/TOOLCHAIN_GCC_ARM/libmbed.a(assert.o)
 .ARM.attributes
                0x000000000000032e       0x31 ./mbed/TARGET_LPC11U24/TOOLCHAIN_GCC_ARM/libmbed.a(error.o)
 .ARM.attributes
                0x000000000000035f       0x31 ./mbed/TARGET_LPC11U24/TOOLCHAIN_GCC_ARM/libmbed.a(gpio.o)
 .ARM.attributes
                0x0000000000000390       0x31 ./mbed/TARGET_LPC11U24/TOOLCHAIN_GCC_ARM/libmbed.a(pinmap_common.o)
 .ARM.attributes
                0x00000000000003c1       0x31 ./mbed/TARGET_LPC11U24/TOOLCHAIN_GCC_ARM/libmbed.a(mbed_interface.o)
 .ARM.attributes
                0x00000000000003f2       0x31 ./mbed/TARGET_LPC11U24/TOOLCHAIN_GCC_ARM/libmbed.a(semihost_api.o)
 .ARM.attributes
                0x0000000000000423       0x31 ./mbed/TARGET_LPC11U24/TOOLCHAIN_GCC_ARM/libmbed.a(wait_api.o)
 .ARM.attributes
                0x0000000000000454       0x31 ./mbed/TARGET_LPC11U24/TOOLCHAIN_GCC_ARM/libmbed.a(PeripheralPins.o)
 .ARM.attributes
                0x0000000000000485       0x31 ./mbed/TARGET_LPC11U24/TOOLCHAIN_GCC_ARM/libmbed.a(gpio_api.o)
 .ARM.attributes
                0x00000000000004b6       0x31 ./mbed/TARGET_LPC11U24/TOOLCHAIN_GCC_ARM/libmbed.a(pinmap.o)
 .ARM.attributes
                0x00000000000004e7       0x31 ./mbed/TARGET_LPC11U24/TOOLCHAIN_GCC_ARM/libmbed.a(i2c_api.o)
 .ARM.attributes
                0x0000000000000518       0x31 ./mbed/TARGET_LPC11U24/TOOLCHAIN_GCC_ARM/libmbed.a(us_ticker.o)
 .ARM.attributes
                0x0000000000000549       0x31 ./mbed/TARGET_LPC11U24/TOOLCHAIN_GCC_ARM/libmbed.a(FileBase.o)
 .ARM.attributes
                0x000000000000057a       0x31 ./mbed/TARGET_LPC11U24/TOOLCHAIN_GCC_ARM/libmbed.a(FileLike.o)
 .ARM.attributes
                0x00000000000005ab       0x31 ./mbed/TARGET_LPC11U24/TOOLCHAIN_GCC_ARM/libmbed.a(us_ticker_api.o)
 .ARM.attributes
                0x00000000000005dc       0x31 ./mbed/TARGET_LPC11U24/TOOLCHAIN_GCC_ARM/libmbed.a(ticker_api.o)
 .ARM.attributes
                0x000000000000060d       0x2c /usr/lib/gcc/arm-none-eabi/4.8/../../../arm-none-eabi/lib/armv6-m/libstdc++_nano.a(atexit_arm.o)
 .ARM.attributes
                0x0000000000000639       0x2c /usr/lib/gcc/arm-none-eabi/4.8/../../../arm-none-eabi/lib/armv6-m/libstdc++_nano.a(del_op.o)
 .ARM.attributes
                0x0000000000000665       0x2c /usr/lib/gcc/arm-none-eabi/4.8/../../../arm-none-eabi/lib/armv6-m/libc_nano.a(lib_a-abs.o)
 .ARM.attributes
                0x0000000000000691       0x2c /usr/lib/gcc/arm-none-eabi/4.8/../../../arm-none-eabi/lib/armv6-m/libc_nano.a(lib_a-atexit.o)
 .ARM.attributes
                0x00000000000006bd       0x2c /usr/lib/gcc/arm-none-eabi/4.8/../../../arm-none-eabi/lib/armv6-m/libc_nano.a(lib_a-cxa_atexit.o)
 .ARM.attributes
                0x00000000000006e9       0x2c /usr/lib/gcc/arm-none-eabi/4.8/../../../arm-none-eabi/lib/armv6-m/libc_nano.a(lib_a-errno.o)
 .ARM.attributes
                0x0000000000000715       0x2c /usr/lib/gcc/arm-none-eabi/4.8/../../../arm-none-eabi/lib/armv6-m/libc_nano.a(lib_a-exit.o)
 .ARM.attributes
                0x0000000000000741       0x2c /usr/lib/gcc/arm-none-eabi/4.8/../../../arm-none-eabi/lib/armv6-m/libc_nano.a(lib_a-fclose.o)
 .ARM.attributes
                0x000000000000076d       0x2c /usr/lib/gcc/arm-none-eabi/4.8/../../../arm-none-eabi/lib/armv6-m/libc_nano.a(lib_a-fflush.o)
 .ARM.attributes
                0x0000000000000799       0x2c /usr/lib/gcc/arm-none-eabi/4.8/../../../arm-none-eabi/lib/armv6-m/libc_nano.a(lib_a-findfp.o)
 .ARM.attributes
                0x00000000000007c5       0x2c /usr/lib/gcc/arm-none-eabi/4.8/../../../arm-none-eabi/lib/armv6-m/libc_nano.a(lib_a-fini.o)
 .ARM.attributes
                0x00000000000007f1       0x2c /usr/lib/gcc/arm-none-eabi/4.8/../../../arm-none-eabi/lib/armv6-m/libc_nano.a(lib_a-fopen.o)
 .ARM.attributes
                0x000000000000081d       0x2c /usr/lib/gcc/arm-none-eabi/4.8/../../../arm-none-eabi/lib/armv6-m/libc_nano.a(lib_a-fseek.o)
 .ARM.attributes
                0x0000000000000849       0x2c /usr/lib/gcc/arm-none-eabi/4.8/../../../arm-none-eabi/lib/armv6-m/libc_nano.a(lib_a-fseeko.o)
 .ARM.attributes
                0x0000000000000875       0x2c /usr/lib/gcc/arm-none-eabi/4.8/../../../arm-none-eabi/lib/armv6-m/libc_nano.a(lib_a-fwalk.o)
 .ARM.attributes
                0x00000000000008a1       0x2c /usr/lib/gcc/arm-none-eabi/4.8/../../../arm-none-eabi/lib/armv6-m/libc_nano.a(lib_a-impure.o)
 .ARM.attributes
                0x00000000000008cd       0x2c /usr/lib/gcc/arm-none-eabi/4.8/../../../arm-none-eabi/lib/armv6-m/libc_nano.a(lib_a-init.o)
 .ARM.attributes
                0x00000000000008f9       0x2c /usr/lib/gcc/arm-none-eabi/4.8/../../../arm-none-eabi/lib/armv6-m/libc_nano.a(lib_a-makebuf.o)
 .ARM.attributes
                0x0000000000000925       0x2c /usr/lib/gcc/arm-none-eabi/4.8/../../../arm-none-eabi/lib/armv6-m/libc_nano.a(lib_a-malloc.o)
 .ARM.attributes
                0x0000000000000951       0x2c /usr/lib/gcc/arm-none-eabi/4.8/../../../arm-none-eabi/lib/armv6-m/libc_nano.a(lib_a-memchr-stub.o)
 .ARM.attributes
                0x000000000000097d       0x2c /usr/lib/gcc/arm-none-eabi/4.8/../../../arm-none-eabi/lib/armv6-m/libc_nano.a(lib_a-memcpy-stub.o)
 .ARM.attributes
                0x00000000000009a9       0x2c /usr/lib/gcc/arm-none-eabi/4.8/../../../arm-none-eabi/lib/armv6-m/libc_nano.a(lib_a-memset.o)
 .ARM.attributes
                0x00000000000009d5       0x2c /usr/lib/gcc/arm-none-eabi/4.8/../../../arm-none-eabi/lib/armv6-m/libc_nano.a(lib_a-nano-freer.o)
 .ARM.attributes
                0x0000000000000a01       0x2c /usr/lib/gcc/arm-none-eabi/4.8/../../../arm-none-eabi/lib/armv6-m/libc_nano.a(lib_a-nano-mallocr.o)
 .ARM.attributes
                0x0000000000000a2d       0x2c /usr/lib/gcc/arm-none-eabi/4.8/../../../arm-none-eabi/lib/armv6-m/libc_nano.a(lib_a-nano-vfprintf.o)
 .ARM.attributes
                0x0000000000000a59       0x2c /usr/lib/gcc/arm-none-eabi/4.8/../../../arm-none-eabi/lib/armv6-m/libc_nano.a(lib_a-nano-vfprintf_i.o)
 .ARM.attributes
                0x0000000000000a85       0x2c /usr/lib/gcc/arm-none-eabi/4.8/../../../arm-none-eabi/lib/armv6-m/libc_nano.a(lib_a-nano-vfscanf_i.o)
 .ARM.attributes
                0x0000000000000ab1       0x2c /usr/lib/gcc/arm-none-eabi/4.8/../../../arm-none-eabi/lib/armv6-m/libc_nano.a(lib_a-openr.o)
 .ARM.attributes
                0x0000000000000add       0x2c /usr/lib/gcc/arm-none-eabi/4.8/../../../arm-none-eabi/lib/armv6-m/libc_nano.a(lib_a-printf.o)
 .ARM.attributes
                0x0000000000000b09       0x2c /usr/lib/gcc/arm-none-eabi/4.8/../../../arm-none-eabi/lib/armv6-m/libc_nano.a(lib_a-puts.o)
 .ARM.attributes
                0x0000000000000b35       0x2c /usr/lib/gcc/arm-none-eabi/4.8/../../../arm-none-eabi/lib/armv6-m/libc_nano.a(lib_a-reent.o)
 .ARM.attributes
                0x0000000000000b61       0x2c /usr/lib/gcc/arm-none-eabi/4.8/../../../arm-none-eabi/lib/armv6-m/libc_nano.a(lib_a-sbrkr.o)
 .ARM.attributes
                0x0000000000000b8d       0x2c /usr/lib/gcc/arm-none-eabi/4.8/../../../arm-none-eabi/lib/armv6-m/libc_nano.a(lib_a-sccl.o)
 .ARM.attributes
                0x0000000000000bb9       0x2c /usr/lib/gcc/arm-none-eabi/4.8/../../../arm-none-eabi/lib/armv6-m/libc_nano.a(lib_a-setbuf.o)
 .ARM.attributes
                0x0000000000000be5       0x2c /usr/lib/gcc/arm-none-eabi/4.8/../../../arm-none-eabi/lib/armv6-m/libc_nano.a(lib_a-setvbuf.o)
 .ARM.attributes
                0x0000000000000c11       0x2c /usr/lib/gcc/arm-none-eabi/4.8/../../../arm-none-eabi/lib/armv6-m/libc_nano.a(lib_a-sprintf.o)
 .ARM.attributes
                0x0000000000000c3d       0x2c /usr/lib/gcc/arm-none-eabi/4.8/../../../arm-none-eabi/lib/armv6-m/libc_nano.a(lib_a-sscanf.o)
 .ARM.attributes
                0x0000000000000c69       0x2c /usr/lib/gcc/arm-none-eabi/4.8/../../../arm-none-eabi/lib/armv6-m/libc_nano.a(lib_a-stdio.o)
 .ARM.attributes
                0x0000000000000c95       0x1c /usr/lib/gcc/arm-none-eabi/4.8/../../../arm-none-eabi/lib/armv6-m/libc_nano.a(lib_a-strcmp.o)
 .ARM.attributes
                0x0000000000000cb1       0x2c /usr/lib/gcc/arm-none-eabi/4.8/../../../arm-none-eabi/lib/armv6-m/libc_nano.a(lib_a-strlen.o)
 .ARM.attributes
                0x0000000000000cdd       0x2c /usr/lib/gcc/arm-none-eabi/4.8/../../../arm-none-eabi/lib/armv6-m/libc_nano.a(lib_a-strncmp.o)
 .ARM.attributes
                0x0000000000000d09       0x2c /usr/lib/gcc/arm-none-eabi/4.8/../../../arm-none-eabi/lib/armv6-m/libc_nano.a(lib_a-strtol.o)
 .ARM.attributes
                0x0000000000000d35       0x2c /usr/lib/gcc/arm-none-eabi/4.8/../../../arm-none-eabi/lib/armv6-m/libc_nano.a(lib_a-strtoul.o)
 .ARM.attributes
                0x0000000000000d61       0x2c /usr/lib/gcc/arm-none-eabi/4.8/../../../arm-none-eabi/lib/armv6-m/libc_nano.a(lib_a-ungetc.o)
 .ARM.attributes
                0x0000000000000d8d       0x2c /usr/lib/gcc/arm-none-eabi/4.8/../../../arm-none-eabi/lib/armv6-m/libc_nano.a(lib_a-wbuf.o)
 .ARM.attributes
                0x0000000000000db9       0x2c /usr/lib/gcc/arm-none-eabi/4.8/../../../arm-none-eabi/lib/armv6-m/libc_nano.a(lib_a-writer.o)
 .ARM.attributes
                0x0000000000000de5       0x2c /usr/lib/gcc/arm-none-eabi/4.8/../../../arm-none-eabi/lib/armv6-m/libc_nano.a(lib_a-wsetup.o)
 .ARM.attributes
                0x0000000000000e11       0x2c /usr/lib/gcc/arm-none-eabi/4.8/../../../arm-none-eabi/lib/armv6-m/libc_nano.a(lib_a-__atexit.o)
 .ARM.attributes
                0x0000000000000e3d       0x2c /usr/lib/gcc/arm-none-eabi/4.8/../../../arm-none-eabi/lib/armv6-m/libc_nano.a(lib_a-__call_atexit.o)
 .ARM.attributes
                0x0000000000000e69       0x2c /usr/lib/gcc/arm-none-eabi/4.8/../../../arm-none-eabi/lib/armv6-m/libc_nano.a(lib_a-closer.o)
 .ARM.attributes
                0x0000000000000e95       0x2c /usr/lib/gcc/arm-none-eabi/4.8/../../../arm-none-eabi/lib/armv6-m/libc_nano.a(lib_a-ctype_.o)
 .ARM.attributes
                0x0000000000000ec1       0x2c /usr/lib/gcc/arm-none-eabi/4.8/../../../arm-none-eabi/lib/armv6-m/libc_nano.a(lib_a-flags.o)
 .ARM.attributes
                0x0000000000000eed       0x2c /usr/lib/gcc/arm-none-eabi/4.8/../../../arm-none-eabi/lib/armv6-m/libc_nano.a(lib_a-fstatr.o)
 .ARM.attributes
                0x0000000000000f19       0x2c /usr/lib/gcc/arm-none-eabi/4.8/../../../arm-none-eabi/lib/armv6-m/libc_nano.a(lib_a-isattyr.o)
 .ARM.attributes
                0x0000000000000f45       0x2c /usr/lib/gcc/arm-none-eabi/4.8/../../../arm-none-eabi/lib/armv6-m/libc_nano.a(lib_a-lseekr.o)
 .ARM.attributes
                0x0000000000000f71       0x2c /usr/lib/gcc/arm-none-eabi/4.8/../../../arm-none-eabi/lib/armv6-m/libc_nano.a(lib_a-memmove.o)
 .ARM.attributes
                0x0000000000000f9d       0x2c /usr/lib/gcc/arm-none-eabi/4.8/../../../arm-none-eabi/lib/armv6-m/libc_nano.a(lib_a-nano-reallocr.o)
 .ARM.attributes
                0x0000000000000fc9       0x2c /usr/lib/gcc/arm-none-eabi/4.8/../../../arm-none-eabi/lib/armv6-m/libc_nano.a(lib_a-nano-svfprintf.o)
 .ARM.attributes
                0x0000000000000ff5       0x2c /usr/lib/gcc/arm-none-eabi/4.8/../../../arm-none-eabi/lib/armv6-m/libc_nano.a(lib_a-nano-svfscanf.o)
 .ARM.attributes
                0x0000000000001021       0x2c /usr/lib/gcc/arm-none-eabi/4.8/../../../arm-none-eabi/lib/armv6-m/libc_nano.a(lib_a-readr.o)
 .ARM.attributes
                0x000000000000104d       0x2c /usr/lib/gcc/arm-none-eabi/4.8/../../../arm-none-eabi/lib/armv6-m/libc_nano.a(lib_a-nano-msizer.o)
 .ARM.attributes
                0x0000000000001079       0x1e /usr/lib/gcc/arm-none-eabi/4.8/armv6-m/libgcc.a(_udivsi3.o)
 .ARM.attributes
                0x0000000000001097       0x1e /usr/lib/gcc/arm-none-eabi/4.8/armv6-m/libgcc.a(_dvmd_tls.o)
 .ARM.attributes
                0x00000000000010b5       0x2c /usr/lib/gcc/arm-none-eabi/4.8/armv6-m/crtend.o
 .ARM.attributes
                0x00000000000010e1       0x1e /usr/lib/gcc/arm-none-eabi/4.8/armv6-m/crtn.o

.comment        0x0000000000000000       0xaf
 .comment       0x0000000000000000       0x20 /usr/lib/gcc/arm-none-eabi/4.8/armv6-m/crtbegin.o
                                         0x21 (size before relaxing)
 .comment       0x0000000000000020       0x21 main.o
 .comment       0x0000000000000020       0x21 I2Cdev.o
 .comment       0x0000000000000020       0x21 MPU6050.o
 .comment       0x0000000000000020       0x70 mbed/TARGET_LPC11U24/TOOLCHAIN_GCC_ARM/board.o
                                         0x71 (size before relaxing)
 .comment       0x0000000000000090       0x71 mbed/TARGET_LPC11U24/TOOLCHAIN_GCC_ARM/cmsis_nvic.o
 .comment       0x0000000000000090       0x71 mbed/TARGET_LPC11U24/TOOLCHAIN_GCC_ARM/retarget.o
 .comment       0x0000000000000090       0x71 mbed/TARGET_LPC11U24/TOOLCHAIN_GCC_ARM/system_LPC11Uxx.o
 .comment       0x0000000000000090       0x71 ./mbed/TARGET_LPC11U24/TOOLCHAIN_GCC_ARM/libmbed.a(serial_api.o)
 .comment       0x0000000000000090       0x71 ./mbed/TARGET_LPC11U24/TOOLCHAIN_GCC_ARM/libmbed.a(FilePath.o)
 .comment       0x0000000000000090       0x71 ./mbed/TARGET_LPC11U24/TOOLCHAIN_GCC_ARM/libmbed.a(I2C.o)
 .comment       0x0000000000000090       0x71 ./mbed/TARGET_LPC11U24/TOOLCHAIN_GCC_ARM/libmbed.a(Serial.o)
 .comment       0x0000000000000090       0x71 ./mbed/TARGET_LPC11U24/TOOLCHAIN_GCC_ARM/libmbed.a(SerialBase.o)
 .comment       0x0000000000000090       0x71 ./mbed/TARGET_LPC11U24/TOOLCHAIN_GCC_ARM/libmbed.a(Stream.o)
 .comment       0x0000000000000090       0x71 ./mbed/TARGET_LPC11U24/TOOLCHAIN_GCC_ARM/libmbed.a(assert.o)
 .comment       0x0000000000000090       0x71 ./mbed/TARGET_LPC11U24/TOOLCHAIN_GCC_ARM/libmbed.a(error.o)
 .comment       0x0000000000000090       0x71 ./mbed/TARGET_LPC11U24/TOOLCHAIN_GCC_ARM/libmbed.a(gpio.o)
 .comment       0x0000000000000090       0x71 ./mbed/TARGET_LPC11U24/TOOLCHAIN_GCC_ARM/libmbed.a(pinmap_common.o)
 .comment       0x0000000000000090       0x71 ./mbed/TARGET_LPC11U24/TOOLCHAIN_GCC_ARM/libmbed.a(mbed_interface.o)
 .comment       0x0000000000000090       0x71 ./mbed/TARGET_LPC11U24/TOOLCHAIN_GCC_ARM/libmbed.a(semihost_api.o)
 .comment       0x0000000000000090       0x71 ./mbed/TARGET_LPC11U24/TOOLCHAIN_GCC_ARM/libmbed.a(wait_api.o)
 .comment       0x0000000000000090       0x71 ./mbed/TARGET_LPC11U24/TOOLCHAIN_GCC_ARM/libmbed.a(PeripheralPins.o)
 .comment       0x0000000000000090       0x71 ./mbed/TARGET_LPC11U24/TOOLCHAIN_GCC_ARM/libmbed.a(gpio_api.o)
 .comment       0x0000000000000090       0x71 ./mbed/TARGET_LPC11U24/TOOLCHAIN_GCC_ARM/libmbed.a(pinmap.o)
 .comment       0x0000000000000090       0x71 ./mbed/TARGET_LPC11U24/TOOLCHAIN_GCC_ARM/libmbed.a(i2c_api.o)
 .comment       0x0000000000000090       0x71 ./mbed/TARGET_LPC11U24/TOOLCHAIN_GCC_ARM/libmbed.a(us_ticker.o)
 .comment       0x0000000000000090       0x71 ./mbed/TARGET_LPC11U24/TOOLCHAIN_GCC_ARM/libmbed.a(FileBase.o)
 .comment       0x0000000000000090       0x71 ./mbed/TARGET_LPC11U24/TOOLCHAIN_GCC_ARM/libmbed.a(FileLike.o)
 .comment       0x0000000000000090       0x71 ./mbed/TARGET_LPC11U24/TOOLCHAIN_GCC_ARM/libmbed.a(us_ticker_api.o)
 .comment       0x0000000000000090       0x71 ./mbed/TARGET_LPC11U24/TOOLCHAIN_GCC_ARM/libmbed.a(ticker_api.o)
 .comment       0x0000000000000090       0x1f /usr/lib/gcc/arm-none-eabi/4.8/../../../arm-none-eabi/lib/armv6-m/libstdc++_nano.a(atexit_arm.o)
                                         0x20 (size before relaxing)
 .comment       0x00000000000000af       0x20 /usr/lib/gcc/arm-none-eabi/4.8/../../../arm-none-eabi/lib/armv6-m/libstdc++_nano.a(del_op.o)
 .comment       0x00000000000000af       0x20 /usr/lib/gcc/arm-none-eabi/4.8/../../../arm-none-eabi/lib/armv6-m/libc_nano.a(lib_a-abs.o)
 .comment       0x00000000000000af       0x20 /usr/lib/gcc/arm-none-eabi/4.8/../../../arm-none-eabi/lib/armv6-m/libc_nano.a(lib_a-atexit.o)
 .comment       0x00000000000000af       0x20 /usr/lib/gcc/arm-none-eabi/4.8/../../../arm-none-eabi/lib/armv6-m/libc_nano.a(lib_a-cxa_atexit.o)
 .comment       0x00000000000000af       0x20 /usr/lib/gcc/arm-none-eabi/4.8/../../../arm-none-eabi/lib/armv6-m/libc_nano.a(lib_a-errno.o)
 .comment       0x00000000000000af       0x20 /usr/lib/gcc/arm-none-eabi/4.8/../../../arm-none-eabi/lib/armv6-m/libc_nano.a(lib_a-exit.o)
 .comment       0x00000000000000af       0x20 /usr/lib/gcc/arm-none-eabi/4.8/../../../arm-none-eabi/lib/armv6-m/libc_nano.a(lib_a-fclose.o)
 .comment       0x00000000000000af       0x20 /usr/lib/gcc/arm-none-eabi/4.8/../../../arm-none-eabi/lib/armv6-m/libc_nano.a(lib_a-fflush.o)
 .comment       0x00000000000000af       0x20 /usr/lib/gcc/arm-none-eabi/4.8/../../../arm-none-eabi/lib/armv6-m/libc_nano.a(lib_a-findfp.o)
 .comment       0x00000000000000af       0x20 /usr/lib/gcc/arm-none-eabi/4.8/../../../arm-none-eabi/lib/armv6-m/libc_nano.a(lib_a-fini.o)
 .comment       0x00000000000000af       0x20 /usr/lib/gcc/arm-none-eabi/4.8/../../../arm-none-eabi/lib/armv6-m/libc_nano.a(lib_a-fopen.o)
 .comment       0x00000000000000af       0x20 /usr/lib/gcc/arm-none-eabi/4.8/../../../arm-none-eabi/lib/armv6-m/libc_nano.a(lib_a-fseek.o)
 .comment       0x00000000000000af       0x20 /usr/lib/gcc/arm-none-eabi/4.8/../../../arm-none-eabi/lib/armv6-m/libc_nano.a(lib_a-fseeko.o)
 .comment       0x00000000000000af       0x20 /usr/lib/gcc/arm-none-eabi/4.8/../../../arm-none-eabi/lib/armv6-m/libc_nano.a(lib_a-fwalk.o)
 .comment       0x00000000000000af       0x20 /usr/lib/gcc/arm-none-eabi/4.8/../../../arm-none-eabi/lib/armv6-m/libc_nano.a(lib_a-impure.o)
 .comment       0x00000000000000af       0x20 /usr/lib/gcc/arm-none-eabi/4.8/../../../arm-none-eabi/lib/armv6-m/libc_nano.a(lib_a-init.o)
 .comment       0x00000000000000af       0x20 /usr/lib/gcc/arm-none-eabi/4.8/../../../arm-none-eabi/lib/armv6-m/libc_nano.a(lib_a-makebuf.o)
 .comment       0x00000000000000af       0x20 /usr/lib/gcc/arm-none-eabi/4.8/../../../arm-none-eabi/lib/armv6-m/libc_nano.a(lib_a-malloc.o)
 .comment       0x00000000000000af       0x20 /usr/lib/gcc/arm-none-eabi/4.8/../../../arm-none-eabi/lib/armv6-m/libc_nano.a(lib_a-memchr-stub.o)
 .comment       0x00000000000000af       0x20 /usr/lib/gcc/arm-none-eabi/4.8/../../../arm-none-eabi/lib/armv6-m/libc_nano.a(lib_a-memcpy-stub.o)
 .comment       0x00000000000000af       0x20 /usr/lib/gcc/arm-none-eabi/4.8/../../../arm-none-eabi/lib/armv6-m/libc_nano.a(lib_a-memset.o)
 .comment       0x00000000000000af       0x20 /usr/lib/gcc/arm-none-eabi/4.8/../../../arm-none-eabi/lib/armv6-m/libc_nano.a(lib_a-nano-freer.o)
 .comment       0x00000000000000af       0x20 /usr/lib/gcc/arm-none-eabi/4.8/../../../arm-none-eabi/lib/armv6-m/libc_nano.a(lib_a-nano-mallocr.o)
 .comment       0x00000000000000af       0x20 /usr/lib/gcc/arm-none-eabi/4.8/../../../arm-none-eabi/lib/armv6-m/libc_nano.a(lib_a-nano-vfprintf.o)
 .comment       0x00000000000000af       0x20 /usr/lib/gcc/arm-none-eabi/4.8/../../../arm-none-eabi/lib/armv6-m/libc_nano.a(lib_a-nano-vfprintf_i.o)
 .comment       0x00000000000000af       0x20 /usr/lib/gcc/arm-none-eabi/4.8/../../../arm-none-eabi/lib/armv6-m/libc_nano.a(lib_a-nano-vfscanf_i.o)
 .comment       0x00000000000000af       0x20 /usr/lib/gcc/arm-none-eabi/4.8/../../../arm-none-eabi/lib/armv6-m/libc_nano.a(lib_a-openr.o)
 .comment       0x00000000000000af       0x20 /usr/lib/gcc/arm-none-eabi/4.8/../../../arm-none-eabi/lib/armv6-m/libc_nano.a(lib_a-printf.o)
 .comment       0x00000000000000af       0x20 /usr/lib/gcc/arm-none-eabi/4.8/../../../arm-none-eabi/lib/armv6-m/libc_nano.a(lib_a-puts.o)
 .comment       0x00000000000000af       0x20 /usr/lib/gcc/arm-none-eabi/4.8/../../../arm-none-eabi/lib/armv6-m/libc_nano.a(lib_a-reent.o)
 .comment       0x00000000000000af       0x20 /usr/lib/gcc/arm-none-eabi/4.8/../../../arm-none-eabi/lib/armv6-m/libc_nano.a(lib_a-sbrkr.o)
 .comment       0x00000000000000af       0x20 /usr/lib/gcc/arm-none-eabi/4.8/../../../arm-none-eabi/lib/armv6-m/libc_nano.a(lib_a-sccl.o)
 .comment       0x00000000000000af       0x20 /usr/lib/gcc/arm-none-eabi/4.8/../../../arm-none-eabi/lib/armv6-m/libc_nano.a(lib_a-setbuf.o)
 .comment       0x00000000000000af       0x20 /usr/lib/gcc/arm-none-eabi/4.8/../../../arm-none-eabi/lib/armv6-m/libc_nano.a(lib_a-setvbuf.o)
 .comment       0x00000000000000af       0x20 /usr/lib/gcc/arm-none-eabi/4.8/../../../arm-none-eabi/lib/armv6-m/libc_nano.a(lib_a-sprintf.o)
 .comment       0x00000000000000af       0x20 /usr/lib/gcc/arm-none-eabi/4.8/../../../arm-none-eabi/lib/armv6-m/libc_nano.a(lib_a-sscanf.o)
 .comment       0x00000000000000af       0x20 /usr/lib/gcc/arm-none-eabi/4.8/../../../arm-none-eabi/lib/armv6-m/libc_nano.a(lib_a-stdio.o)
 .comment       0x00000000000000af       0x20 /usr/lib/gcc/arm-none-eabi/4.8/../../../arm-none-eabi/lib/armv6-m/libc_nano.a(lib_a-strlen.o)
 .comment       0x00000000000000af       0x20 /usr/lib/gcc/arm-none-eabi/4.8/../../../arm-none-eabi/lib/armv6-m/libc_nano.a(lib_a-strncmp.o)
 .comment       0x00000000000000af       0x20 /usr/lib/gcc/arm-none-eabi/4.8/../../../arm-none-eabi/lib/armv6-m/libc_nano.a(lib_a-strtol.o)
 .comment       0x00000000000000af       0x20 /usr/lib/gcc/arm-none-eabi/4.8/../../../arm-none-eabi/lib/armv6-m/libc_nano.a(lib_a-strtoul.o)
 .comment       0x00000000000000af       0x20 /usr/lib/gcc/arm-none-eabi/4.8/../../../arm-none-eabi/lib/armv6-m/libc_nano.a(lib_a-ungetc.o)
 .comment       0x00000000000000af       0x20 /usr/lib/gcc/arm-none-eabi/4.8/../../../arm-none-eabi/lib/armv6-m/libc_nano.a(lib_a-wbuf.o)
 .comment       0x00000000000000af       0x20 /usr/lib/gcc/arm-none-eabi/4.8/../../../arm-none-eabi/lib/armv6-m/libc_nano.a(lib_a-writer.o)
 .comment       0x00000000000000af       0x20 /usr/lib/gcc/arm-none-eabi/4.8/../../../arm-none-eabi/lib/armv6-m/libc_nano.a(lib_a-wsetup.o)
 .comment       0x00000000000000af       0x20 /usr/lib/gcc/arm-none-eabi/4.8/../../../arm-none-eabi/lib/armv6-m/libc_nano.a(lib_a-__atexit.o)
 .comment       0x00000000000000af       0x20 /usr/lib/gcc/arm-none-eabi/4.8/../../../arm-none-eabi/lib/armv6-m/libc_nano.a(lib_a-__call_atexit.o)
 .comment       0x00000000000000af       0x20 /usr/lib/gcc/arm-none-eabi/4.8/../../../arm-none-eabi/lib/armv6-m/libc_nano.a(lib_a-closer.o)
 .comment       0x00000000000000af       0x20 /usr/lib/gcc/arm-none-eabi/4.8/../../../arm-none-eabi/lib/armv6-m/libc_nano.a(lib_a-ctype_.o)
 .comment       0x00000000000000af       0x20 /usr/lib/gcc/arm-none-eabi/4.8/../../../arm-none-eabi/lib/armv6-m/libc_nano.a(lib_a-flags.o)
 .comment       0x00000000000000af       0x20 /usr/lib/gcc/arm-none-eabi/4.8/../../../arm-none-eabi/lib/armv6-m/libc_nano.a(lib_a-fstatr.o)
 .comment       0x00000000000000af       0x20 /usr/lib/gcc/arm-none-eabi/4.8/../../../arm-none-eabi/lib/armv6-m/libc_nano.a(lib_a-isattyr.o)
 .comment       0x00000000000000af       0x20 /usr/lib/gcc/arm-none-eabi/4.8/../../../arm-none-eabi/lib/armv6-m/libc_nano.a(lib_a-lseekr.o)
 .comment       0x00000000000000af       0x20 /usr/lib/gcc/arm-none-eabi/4.8/../../../arm-none-eabi/lib/armv6-m/libc_nano.a(lib_a-memmove.o)
 .comment       0x00000000000000af       0x20 /usr/lib/gcc/arm-none-eabi/4.8/../../../arm-none-eabi/lib/armv6-m/libc_nano.a(lib_a-nano-reallocr.o)
 .comment       0x00000000000000af       0x20 /usr/lib/gcc/arm-none-eabi/4.8/../../../arm-none-eabi/lib/armv6-m/libc_nano.a(lib_a-nano-svfprintf.o)
 .comment       0x00000000000000af       0x20 /usr/lib/gcc/arm-none-eabi/4.8/../../../arm-none-eabi/lib/armv6-m/libc_nano.a(lib_a-nano-svfscanf.o)
 .comment       0x00000000000000af       0x20 /usr/lib/gcc/arm-none-eabi/4.8/../../../arm-none-eabi/lib/armv6-m/libc_nano.a(lib_a-readr.o)
 .comment       0x00000000000000af       0x20 /usr/lib/gcc/arm-none-eabi/4.8/../../../arm-none-eabi/lib/armv6-m/libc_nano.a(lib_a-nano-msizer.o)
 .comment       0x00000000000000af       0x21 /usr/lib/gcc/arm-none-eabi/4.8/armv6-m/crtend.o

.debug_line     0x0000000000000000     0x7b79
 .debug_line    0x0000000000000000       0x80 /usr/lib/gcc/arm-none-eabi/4.8/../../../arm-none-eabi/lib/armv6-m/crt0.o
 .debug_line    0x0000000000000080      0x37d main.o
 .debug_line    0x00000000000003fd      0x4d4 I2Cdev.o
 .debug_line    0x00000000000008d1     0x18ad MPU6050.o
 .debug_line    0x000000000000217e       0xd0 /usr/lib/gcc/arm-none-eabi/4.8/../../../arm-none-eabi/lib/armv6-m/libstdc++_nano.a(atexit_arm.o)
 .debug_line    0x000000000000224e      0x122 /usr/lib/gcc/arm-none-eabi/4.8/../../../arm-none-eabi/lib/armv6-m/libstdc++_nano.a(del_op.o)
 .debug_line    0x0000000000002370       0xab /usr/lib/gcc/arm-none-eabi/4.8/../../../arm-none-eabi/lib/armv6-m/libc_nano.a(lib_a-abs.o)
 .debug_line    0x000000000000241b       0xbb /usr/lib/gcc/arm-none-eabi/4.8/../../../arm-none-eabi/lib/armv6-m/libc_nano.a(lib_a-atexit.o)
 .debug_line    0x00000000000024d6       0x75 /usr/lib/gcc/arm-none-eabi/4.8/../../../arm-none-eabi/lib/armv6-m/libc_nano.a(lib_a-cxa_atexit.o)
 .debug_line    0x000000000000254b      0x105 /usr/lib/gcc/arm-none-eabi/4.8/../../../arm-none-eabi/lib/armv6-m/libc_nano.a(lib_a-errno.o)
 .debug_line    0x0000000000002650      0x159 /usr/lib/gcc/arm-none-eabi/4.8/../../../arm-none-eabi/lib/armv6-m/libc_nano.a(lib_a-exit.o)
 .debug_line    0x00000000000027a9      0x1c2 /usr/lib/gcc/arm-none-eabi/4.8/../../../arm-none-eabi/lib/armv6-m/libc_nano.a(lib_a-fclose.o)
 .debug_line    0x000000000000296b      0x23f /usr/lib/gcc/arm-none-eabi/4.8/../../../arm-none-eabi/lib/armv6-m/libc_nano.a(lib_a-fflush.o)
 .debug_line    0x0000000000002baa      0x2cb /usr/lib/gcc/arm-none-eabi/4.8/../../../arm-none-eabi/lib/armv6-m/libc_nano.a(lib_a-findfp.o)
 .debug_line    0x0000000000002e75       0x99 /usr/lib/gcc/arm-none-eabi/4.8/../../../arm-none-eabi/lib/armv6-m/libc_nano.a(lib_a-fini.o)
 .debug_line    0x0000000000002f0e      0x18c /usr/lib/gcc/arm-none-eabi/4.8/../../../arm-none-eabi/lib/armv6-m/libc_nano.a(lib_a-fopen.o)